Archive member included to satisfy reference by file (symbol)

c:/users/admin/desktop/scm/10 2021.10/bin/../lib/gcc/arm-none-eabi/10.3.1/../../../../arm-none-eabi/lib/thumb/v7e-m+dp/hard\libc_nano.a(lib_a-errno.o)
                              build/sysmem.o (__errno)
c:/users/admin/desktop/scm/10 2021.10/bin/../lib/gcc/arm-none-eabi/10.3.1/../../../../arm-none-eabi/lib/thumb/v7e-m+dp/hard\libc_nano.a(lib_a-exit.o)
                              c:/users/admin/desktop/scm/10 2021.10/bin/../lib/gcc/arm-none-eabi/10.3.1/../../../../arm-none-eabi/lib/thumb/v7e-m+dp/hard/crt0.o (exit)
c:/users/admin/desktop/scm/10 2021.10/bin/../lib/gcc/arm-none-eabi/10.3.1/../../../../arm-none-eabi/lib/thumb/v7e-m+dp/hard\libc_nano.a(lib_a-impure.o)
                              c:/users/admin/desktop/scm/10 2021.10/bin/../lib/gcc/arm-none-eabi/10.3.1/../../../../arm-none-eabi/lib/thumb/v7e-m+dp/hard\libc_nano.a(lib_a-exit.o) (_global_impure_ptr)
c:/users/admin/desktop/scm/10 2021.10/bin/../lib/gcc/arm-none-eabi/10.3.1/../../../../arm-none-eabi/lib/thumb/v7e-m+dp/hard\libc_nano.a(lib_a-init.o)
                              c:/users/admin/desktop/scm/10 2021.10/bin/../lib/gcc/arm-none-eabi/10.3.1/../../../../arm-none-eabi/lib/thumb/v7e-m+dp/hard/crt0.o (__libc_init_array)
c:/users/admin/desktop/scm/10 2021.10/bin/../lib/gcc/arm-none-eabi/10.3.1/../../../../arm-none-eabi/lib/thumb/v7e-m+dp/hard\libc_nano.a(lib_a-memcpy-stub.o)
                              build/queue.o (memcpy)
c:/users/admin/desktop/scm/10 2021.10/bin/../lib/gcc/arm-none-eabi/10.3.1/../../../../arm-none-eabi/lib/thumb/v7e-m+dp/hard\libc_nano.a(lib_a-memset.o)
                              c:/users/admin/desktop/scm/10 2021.10/bin/../lib/gcc/arm-none-eabi/10.3.1/../../../../arm-none-eabi/lib/thumb/v7e-m+dp/hard/crt0.o (memset)

Discarded input sections

 .text          0x00000000        0x0 c:/users/admin/desktop/scm/10 2021.10/bin/../lib/gcc/arm-none-eabi/10.3.1/thumb/v7e-m+dp/hard/crti.o
 .data          0x00000000        0x0 c:/users/admin/desktop/scm/10 2021.10/bin/../lib/gcc/arm-none-eabi/10.3.1/thumb/v7e-m+dp/hard/crti.o
 .bss           0x00000000        0x0 c:/users/admin/desktop/scm/10 2021.10/bin/../lib/gcc/arm-none-eabi/10.3.1/thumb/v7e-m+dp/hard/crti.o
 .data          0x00000000        0x4 c:/users/admin/desktop/scm/10 2021.10/bin/../lib/gcc/arm-none-eabi/10.3.1/thumb/v7e-m+dp/hard/crtbegin.o
 .rodata        0x00000000       0x24 c:/users/admin/desktop/scm/10 2021.10/bin/../lib/gcc/arm-none-eabi/10.3.1/thumb/v7e-m+dp/hard/crtbegin.o
 .text          0x00000000       0x7c c:/users/admin/desktop/scm/10 2021.10/bin/../lib/gcc/arm-none-eabi/10.3.1/../../../../arm-none-eabi/lib/thumb/v7e-m+dp/hard/crt0.o
 .data          0x00000000        0x0 c:/users/admin/desktop/scm/10 2021.10/bin/../lib/gcc/arm-none-eabi/10.3.1/../../../../arm-none-eabi/lib/thumb/v7e-m+dp/hard/crt0.o
 .bss           0x00000000        0x0 c:/users/admin/desktop/scm/10 2021.10/bin/../lib/gcc/arm-none-eabi/10.3.1/../../../../arm-none-eabi/lib/thumb/v7e-m+dp/hard/crt0.o
 .ARM.extab     0x00000000        0x0 c:/users/admin/desktop/scm/10 2021.10/bin/../lib/gcc/arm-none-eabi/10.3.1/../../../../arm-none-eabi/lib/thumb/v7e-m+dp/hard/crt0.o
 .ARM.exidx     0x00000000       0x10 c:/users/admin/desktop/scm/10 2021.10/bin/../lib/gcc/arm-none-eabi/10.3.1/../../../../arm-none-eabi/lib/thumb/v7e-m+dp/hard/crt0.o
 .ARM.attributes
                0x00000000       0x1c c:/users/admin/desktop/scm/10 2021.10/bin/../lib/gcc/arm-none-eabi/10.3.1/../../../../arm-none-eabi/lib/thumb/v7e-m+dp/hard/crt0.o
 .text          0x00000000        0x0 build/main.o
 .data          0x00000000        0x0 build/main.o
 .bss           0x00000000        0x0 build/main.o
 .text          0x00000000        0x0 build/gpio.o
 .data          0x00000000        0x0 build/gpio.o
 .bss           0x00000000        0x0 build/gpio.o
 .text          0x00000000        0x0 build/freertos.o
 .data          0x00000000        0x0 build/freertos.o
 .bss           0x00000000        0x0 build/freertos.o
 .text          0x00000000        0x0 build/stm32h7xx_it.o
 .data          0x00000000        0x0 build/stm32h7xx_it.o
 .bss           0x00000000        0x0 build/stm32h7xx_it.o
 .text          0x00000000        0x0 build/stm32h7xx_hal_msp.o
 .data          0x00000000        0x0 build/stm32h7xx_hal_msp.o
 .bss           0x00000000        0x0 build/stm32h7xx_hal_msp.o
 .text          0x00000000        0x0 build/stm32h7xx_hal_timebase_tim.o
 .data          0x00000000        0x0 build/stm32h7xx_hal_timebase_tim.o
 .bss           0x00000000        0x0 build/stm32h7xx_hal_timebase_tim.o
 .text.HAL_SuspendTick
                0x00000000       0x14 build/stm32h7xx_hal_timebase_tim.o
 .text.HAL_ResumeTick
                0x00000000       0x14 build/stm32h7xx_hal_timebase_tim.o
 .text          0x00000000        0x0 build/stm32h7xx_hal_cortex.o
 .data          0x00000000        0x0 build/stm32h7xx_hal_cortex.o
[...]
Memory Configuration

Name             Origin             Length             Attributes
DTCMRAM          0x20000000         0x00020000         xrw
RAM_D1           0x24000000         0x00050000         xrw
RAM_D2           0x30000000         0x00008000         xrw
RAM_D3           0x38000000         0x00004000         xrw
ITCMRAM          0x00000000         0x00010000         xrw
FLASH            0x08000000         0x00100000         xr
*default*        0x00000000         0xffffffff

Linker script and memory map

LOAD c:/users/admin/desktop/scm/10 2021.10/bin/../lib/gcc/arm-none-eabi/10.3.1/thumb/v7e-m+dp/hard/crti.o
LOAD c:/users/admin/desktop/scm/10 2021.10/bin/../lib/gcc/arm-none-eabi/10.3.1/thumb/v7e-m+dp/hard/crtbegin.o
LOAD c:/users/admin/desktop/scm/10 2021.10/bin/../lib/gcc/arm-none-eabi/10.3.1/../../../../arm-none-eabi/lib/thumb/v7e-m+dp/hard/crt0.o
LOAD build/main.o
LOAD build/gpio.o
LOAD build/freertos.o
LOAD build/stm32h7xx_it.o
LOAD build/stm32h7xx_hal_msp.o
LOAD build/stm32h7xx_hal_timebase_tim.o
LOAD build/stm32h7xx_hal_cortex.o
LOAD build/stm32h7xx_hal_rcc.o
LOAD build/stm32h7xx_hal_rcc_ex.o
LOAD build/stm32h7xx_hal_flash.o
LOAD build/stm32h7xx_hal_flash_ex.o
LOAD build/stm32h7xx_hal_gpio.o
LOAD build/stm32h7xx_hal_hsem.o
LOAD build/stm32h7xx_hal_dma.o
LOAD build/stm32h7xx_hal_dma_ex.o
LOAD build/stm32h7xx_hal_mdma.o
LOAD build/stm32h7xx_hal_pwr.o
LOAD build/stm32h7xx_hal_pwr_ex.o
LOAD build/stm32h7xx_hal.o
LOAD build/stm32h7xx_hal_i2c.o
LOAD build/stm32h7xx_hal_i2c_ex.o
LOAD build/stm32h7xx_hal_exti.o
LOAD build/stm32h7xx_hal_tim.o
LOAD build/stm32h7xx_hal_tim_ex.o
LOAD build/system_stm32h7xx.o
LOAD build/croutine.o
LOAD build/event_groups.o
LOAD build/list.o
LOAD build/queue.o
LOAD build/stream_buffer.o
LOAD build/tasks.o
LOAD build/timers.o
LOAD build/cmsis_os2.o
LOAD build/heap_4.o
LOAD build/port.o
LOAD build/sysmem.o
LOAD build/syscalls.o
LOAD build/startup_stm32h723xx.o
LOAD c:/users/admin/desktop/scm/10 2021.10/bin/../lib/gcc/arm-none-eabi/10.3.1/../../../../arm-none-eabi/lib/thumb/v7e-m+dp/hard\libc_nano.a
LOAD c:/users/admin/desktop/scm/10 2021.10/bin/../lib/gcc/arm-none-eabi/10.3.1/../../../../arm-none-eabi/lib/thumb/v7e-m+dp/hard\libm.a
LOAD c:/users/admin/desktop/scm/10 2021.10/bin/../lib/gcc/arm-none-eabi/10.3.1/../../../../arm-none-eabi/lib/thumb/v7e-m+dp/hard\libnosys.a
START GROUP
LOAD c:/users/admin/desktop/scm/10 2021.10/bin/../lib/gcc/arm-none-eabi/10.3.1/thumb/v7e-m+dp/hard\libgcc.a
LOAD c:/users/admin/desktop/scm/10 2021.10/bin/../lib/gcc/arm-none-eabi/10.3.1/../../../../arm-none-eabi/lib/thumb/v7e-m+dp/hard\libc_nano.a
END GROUP
START GROUP
LOAD c:/users/admin/desktop/scm/10 2021.10/bin/../lib/gcc/arm-none-eabi/10.3.1/thumb/v7e-m+dp/hard\libgcc.a
LOAD c:/users/admin/desktop/scm/10 2021.10/bin/../lib/gcc/arm-none-eabi/10.3.1/../../../../arm-none-eabi/lib/thumb/v7e-m+dp/hard\libc_nano.a
END GROUP
LOAD c:/users/admin/desktop/scm/10 2021.10/bin/../lib/gcc/arm-none-eabi/10.3.1/thumb/v7e-m+dp/hard/crtend.o
LOAD c:/users/admin/desktop/scm/10 2021.10/bin/../lib/gcc/arm-none-eabi/10.3.1/thumb/v7e-m+dp/hard/crtn.o
                0x20020000                _estack = (ORIGIN (DTCMRAM) + LENGTH (DTCMRAM))
                0x00000200                _Min_Heap_Size = 0x200
                0x00000400                _Min_Stack_Size = 0x400

.isr_vector     0x08000000      0x2cc
                0x08000000                . = ALIGN (0x4)
 *(.isr_vector)
 .isr_vector    0x08000000      0x2cc build/startup_stm32h723xx.o
                0x08000000                g_pfnVectors
                0x080002cc                . = ALIGN (0x4)

.text           0x080002d0     0x324c
                0x080002d0                . = ALIGN (0x4)
 *(.text)
 .text          0x080002d0       0x40 c:/users/admin/desktop/scm/10 2021.10/bin/../lib/gcc/arm-none-eabi/10.3.1/thumb/v7e-m+dp/hard/crtbegin.o
 *(.text*)
 .text.MPU_Config
                0x08000310       0x52 build/main.o
 *fill*         0x08000362        0x2 
 .text.HAL_TIM_PeriodElapsedCallback
                0x08000364       0x18 build/main.o
                0x08000364                HAL_TIM_PeriodElapsedCallback
 .text.Error_Handler
                0x0800037c        0x4 build/main.o
                0x0800037c                Error_Handler
 .text.SystemClock_Config
                0x08000380       0xa8 build/main.o
                0x08000380                SystemClock_Config
 .text.main     0x08000428       0x20 build/main.o
                0x08000428                main
 .text.MX_GPIO_Init
                0x08000448       0x54 build/gpio.o
                0x08000448                MX_GPIO_Init
 .text.StartDefaultTask
                0x0800049c        0xa build/freertos.o
                0x0800049c                StartDefaultTask
 *fill*         0x080004a6        0x2 
 .text.MX_FREERTOS_Init
                0x080004a8       0x20 build/freertos.o
                0x080004a8                MX_FREERTOS_Init
 .text.NMI_Handler
                0x080004c8        0x2 build/stm32h7xx_it.o
                0x080004c8                NMI_Handler
 .text.HardFault_Handler
                0x080004ca        0x2 build/stm32h7xx_it.o
                0x080004ca                HardFault_Handler
 .text.MemManage_Handler
                0x080004cc        0x2 build/stm32h7xx_it.o
                0x080004cc                MemManage_Handler
 .text.BusFault_Handler
                0x080004ce        0x2 build/stm32h7xx_it.o
                0x080004ce                BusFault_Handler
 .text.UsageFault_Handler
                0x080004d0        0x2 build/stm32h7xx_it.o
                0x080004d0                UsageFault_Handler
 .text.DebugMon_Handler
                0x080004d2        0x2 build/stm32h7xx_it.o
                0x080004d2                DebugMon_Handler
 .text.TIM1_UP_IRQHandler
                0x080004d4       0x10 build/stm32h7xx_it.o
                0x080004d4                TIM1_UP_IRQHandler
 .text.HAL_MspInit
                0x080004e4       0x34 build/stm32h7xx_hal_msp.o
                0x080004e4                HAL_MspInit
 .text.HAL_InitTick
                0x08000518       0x90 build/stm32h7xx_hal_timebase_tim.o
                0x08000518                HAL_InitTick
 .text.HAL_NVIC_SetPriorityGrouping
                0x080005a8       0x24 build/stm32h7xx_hal_cortex.o
                0x080005a8                HAL_NVIC_SetPriorityGrouping
 .text.HAL_NVIC_SetPriority
                0x080005cc       0x6c build/stm32h7xx_hal_cortex.o
                0x080005cc                HAL_NVIC_SetPriority
 .text.HAL_NVIC_EnableIRQ
                0x08000638       0x1c build/stm32h7xx_hal_cortex.o
                0x08000638                HAL_NVIC_EnableIRQ
 .text.HAL_MPU_Disable
                0x08000654       0x1c build/stm32h7xx_hal_cortex.o
                0x08000654                HAL_MPU_Disable
 .text.HAL_MPU_Enable
                0x08000670       0x20 build/stm32h7xx_hal_cortex.o
                0x08000670                HAL_MPU_Enable
 .text.HAL_MPU_ConfigRegion
                0x08000690       0x60 build/stm32h7xx_hal_cortex.o
                0x08000690                HAL_MPU_ConfigRegion
 .text.HAL_RCC_OscConfig
                0x080006f0      0x5ec build/stm32h7xx_hal_rcc.o
                0x080006f0                HAL_RCC_OscConfig
 .text.HAL_RCC_GetSysClockFreq
                0x08000cdc      0x1f4 build/stm32h7xx_hal_rcc.o
                0x08000cdc                HAL_RCC_GetSysClockFreq
 .text.HAL_RCC_ClockConfig
                0x08000ed0      0x294 build/stm32h7xx_hal_rcc.o
                0x08000ed0                HAL_RCC_ClockConfig
 .text.HAL_RCC_GetHCLKFreq
                0x08001164       0x44 build/stm32h7xx_hal_rcc.o
                0x08001164                HAL_RCC_GetHCLKFreq
 .text.HAL_RCC_GetPCLK2Freq
                0x080011a8       0x24 build/stm32h7xx_hal_rcc.o
                0x080011a8                HAL_RCC_GetPCLK2Freq
 .text.HAL_RCC_GetClockConfig
                0x080011cc       0x54 build/stm32h7xx_hal_rcc.o
                0x080011cc                HAL_RCC_GetClockConfig
 .text.HAL_PWREx_ConfigSupply
                0x08001220       0x54 build/stm32h7xx_hal_pwr_ex.o
                0x08001220                HAL_PWREx_ConfigSupply
 .text.HAL_Init
                0x08001274       0x5c build/stm32h7xx_hal.o
                0x08001274                HAL_Init
 .text.HAL_IncTick
                0x080012d0       0x18 build/stm32h7xx_hal.o
                0x080012d0                HAL_IncTick
 .text.HAL_GetTick
                0x080012e8        0xc build/stm32h7xx_hal.o
                0x080012e8                HAL_GetTick
 .text.HAL_TIM_Base_MspInit
                0x080012f4        0x2 build/stm32h7xx_hal_tim.o
                0x080012f4                HAL_TIM_Base_MspInit
 *fill*         0x080012f6        0x2 
 .text.HAL_TIM_Base_Start_IT
                0x080012f8       0xa0 build/stm32h7xx_hal_tim.o
                0x080012f8                HAL_TIM_Base_Start_IT
 .text.HAL_TIM_OC_DelayElapsedCallback
                0x08001398        0x2 build/stm32h7xx_hal_tim.o
                0x08001398                HAL_TIM_OC_DelayElapsedCallback
 .text.HAL_TIM_IC_CaptureCallback
                0x0800139a        0x2 build/stm32h7xx_hal_tim.o
                0x0800139a                HAL_TIM_IC_CaptureCallback
 .text.HAL_TIM_PWM_PulseFinishedCallback
                0x0800139c        0x2 build/stm32h7xx_hal_tim.o
                0x0800139c                HAL_TIM_PWM_PulseFinishedCallback
 .text.HAL_TIM_TriggerCallback
                0x0800139e        0x2 build/stm32h7xx_hal_tim.o
                0x0800139e                HAL_TIM_TriggerCallback
 .text.HAL_TIM_IRQHandler
                0x080013a0      0x19a build/stm32h7xx_hal_tim.o
                0x080013a0                HAL_TIM_IRQHandler
 *fill*         0x0800153a        0x2 
 .text.TIM_Base_SetConfig
                0x0800153c      0x120 build/stm32h7xx_hal_tim.o
                0x0800153c                TIM_Base_SetConfig
 .text.HAL_TIM_Base_Init
                0x0800165c       0x60 build/stm32h7xx_hal_tim.o
                0x0800165c                HAL_TIM_Base_Init
 .text.HAL_TIMEx_CommutCallback
                0x080016bc        0x2 build/stm32h7xx_hal_tim_ex.o
                0x080016bc                HAL_TIMEx_CommutCallback
 .text.HAL_TIMEx_BreakCallback
                0x080016be        0x2 build/stm32h7xx_hal_tim_ex.o
                0x080016be                HAL_TIMEx_BreakCallback
 .text.HAL_TIMEx_Break2Callback
                0x080016c0        0x2 build/stm32h7xx_hal_tim_ex.o
                0x080016c0                HAL_TIMEx_Break2Callback
 *fill*         0x080016c2        0x2 
 .text.SystemInit
                0x080016c4       0xac build/system_stm32h7xx.o
                0x080016c4                SystemInit
 .text.vListInitialise
                0x08001770       0x16 build/list.o
                0x08001770                vListInitialise
 .text.vListInitialiseItem
                0x08001786        0x6 build/list.o
                0x08001786                vListInitialiseItem
 .text.vListInsertEnd
                0x0800178c       0x16 build/list.o
                0x0800178c                vListInsertEnd
 .text.vListInsert
                0x080017a2       0x32 build/list.o
                0x080017a2                vListInsert
 .text.uxListRemove
                0x080017d4       0x26 build/list.o
                0x080017d4                uxListRemove
 .text.prvIsQueueFull
                0x080017fa       0x1e build/queue.o
 .text.prvIsQueueEmpty
                0x08001818       0x1a build/queue.o
 .text.prvCopyDataToQueue
                0x08001832       0x76 build/queue.o
 .text.prvCopyDataFromQueue
                0x080018a8       0x24 build/queue.o
 .text.prvUnlockQueue
                0x080018cc       0x6e build/queue.o
 .text.xQueueGenericReset
                0x0800193a       0x84 build/queue.o
                0x0800193a                xQueueGenericReset
 .text.prvInitialiseNewQueue
                0x080019be       0x22 build/queue.o
 .text.xQueueGenericCreateStatic
                0x080019e0       0xa6 build/queue.o
                0x080019e0                xQueueGenericCreateStatic
 .text.xQueueGenericSend
                0x08001a86      0x188 build/queue.o
                0x08001a86                xQueueGenericSend
 .text.xQueueGenericSendFromISR
                0x08001c0e       0xce build/queue.o
                0x08001c0e                xQueueGenericSendFromISR
 .text.xQueueReceive
                0x08001cdc      0x15e build/queue.o
                0x08001cdc                xQueueReceive
 *fill*         0x08001e3a        0x2 
 .text.vQueueAddToRegistry
                0x08001e3c       0x28 build/queue.o
                0x08001e3c                vQueueAddToRegistry
 .text.vQueueWaitForMessageRestricted
                0x08001e64       0x52 build/queue.o
                0x08001e64                vQueueWaitForMessageRestricted
 *fill*         0x08001eb6        0x2 
 .text.prvResetNextTaskUnblockTime
                0x08001eb8       0x2c build/tasks.o
 .text.prvInitialiseNewTask
                0x08001ee4       0xa6 build/tasks.o
 *fill*         0x08001f8a        0x2 
 .text.prvInitialiseTaskLists
                0x08001f8c       0x68 build/tasks.o
 .text.prvAddNewTaskToReadyList
                0x08001ff4       0xac build/tasks.o
 .text.prvDeleteTCB
                0x080020a0       0x38 build/tasks.o
 .text.prvCheckTasksWaitingTermination
                0x080020d8       0x4c build/tasks.o
 .text.prvIdleTask
                0x08002124       0x28 build/tasks.o
 .text.prvAddCurrentTaskToDelayedList
                0x0800214c       0x84 build/tasks.o
 .text.xTaskCreateStatic
                0x080021d0       0x76 build/tasks.o
                0x080021d0                xTaskCreateStatic
 .text.xTaskCreate
                0x08002246       0x68 build/tasks.o
                0x08002246                xTaskCreate
 *fill*         0x080022ae        0x2 
 .text.vTaskStartScheduler
                0x080022b0       0x9c build/tasks.o
                0x080022b0                vTaskStartScheduler
 .text.vTaskSuspendAll
                0x0800234c       0x10 build/tasks.o
                0x0800234c                vTaskSuspendAll
 .text.xTaskGetTickCount
                0x0800235c        0xc build/tasks.o
                0x0800235c                xTaskGetTickCount
 .text.xTaskIncrementTick
                0x08002368      0x118 build/tasks.o
                0x08002368                xTaskIncrementTick
 .text.xTaskResumeAll
                0x08002480       0xf8 build/tasks.o
                0x08002480                xTaskResumeAll
 .text.vTaskDelay
                0x08002578       0x4c build/tasks.o
                0x08002578                vTaskDelay
 .text.vTaskSwitchContext
                0x080025c4       0x94 build/tasks.o
                0x080025c4                vTaskSwitchContext
 .text.vTaskPlaceOnEventList
                0x08002658       0x30 build/tasks.o
                0x08002658                vTaskPlaceOnEventList
 .text.vTaskPlaceOnEventListRestricted
                0x08002688       0x38 build/tasks.o
                0x08002688                vTaskPlaceOnEventListRestricted
 .text.xTaskRemoveFromEventList
                0x080026c0       0x8c build/tasks.o
                0x080026c0                xTaskRemoveFromEventList
 .text.vTaskInternalSetTimeOutState
                0x0800274c       0x18 build/tasks.o
                0x0800274c                vTaskInternalSetTimeOutState
 .text.xTaskCheckForTimeOut
                0x08002764       0x84 build/tasks.o
                0x08002764                xTaskCheckForTimeOut
 .text.vTaskMissedYield
                0x080027e8        0xc build/tasks.o
                0x080027e8                vTaskMissedYield
 .text.xTaskGetSchedulerState
                0x080027f4       0x20 build/tasks.o
                0x080027f4                xTaskGetSchedulerState
 .text.xTaskPriorityDisinherit
                0x08002814       0x90 build/tasks.o
                0x08002814                xTaskPriorityDisinherit
 .text.prvGetNextExpireTime
                0x080028a4       0x20 build/timers.o
 .text.prvInsertTimerInActiveList
                0x080028c4       0x50 build/timers.o
 .text.prvCheckForValidListAndQueue
                0x08002914       0x70 build/timers.o
 .text.xTimerCreateTimerTask
                0x08002984       0x64 build/timers.o
                0x08002984                xTimerCreateTimerTask
 .text.xTimerGenericCommand
                0x080029e8       0x6c build/timers.o
                0x080029e8                xTimerGenericCommand
 .text.prvSwitchTimerLists
                0x08002a54       0x7c build/timers.o
 .text.prvSampleTimeNow
                0x08002ad0       0x2c build/timers.o
 .text.prvProcessExpiredTimer
                0x08002afc       0x6c build/timers.o
 .text.prvProcessTimerOrBlockTask
                0x08002b68       0x78 build/timers.o
 .text.prvProcessReceivedCommands
                0x08002be0      0x10c build/timers.o
 .text.prvTimerTask
                0x08002cec       0x16 build/timers.o
 .text.SysTick_Handler
                0x08002d02       0x18 build/cmsis_os2.o
                0x08002d02                SysTick_Handler
 *fill*         0x08002d1a        0x2 
 .text.osKernelInitialize
                0x08002d1c       0x24 build/cmsis_os2.o
                0x08002d1c                osKernelInitialize
 .text.osKernelStart
                0x08002d40       0x38 build/cmsis_os2.o
                0x08002d40                osKernelStart
 .text.osThreadNew
                0x08002d78       0xbc build/cmsis_os2.o
                0x08002d78                osThreadNew
 .text.osDelay  0x08002e34       0x1c build/cmsis_os2.o
                0x08002e34                osDelay
 .text.vApplicationGetIdleTaskMemory
                0x08002e50       0x18 build/cmsis_os2.o
                0x08002e50                vApplicationGetIdleTaskMemory
 .text.vApplicationGetTimerTaskMemory
                0x08002e68       0x18 build/cmsis_os2.o
                0x08002e68                vApplicationGetTimerTaskMemory
 .text.prvHeapInit
                0x08002e80       0x64 build/heap_4.o
 .text.prvInsertBlockIntoFreeList
                0x08002ee4       0x64 build/heap_4.o
 .text.pvPortMalloc
                0x08002f48       0xfc build/heap_4.o
                0x08002f48                pvPortMalloc
 .text.vPortFree
                0x08003044       0x7c build/heap_4.o
                0x08003044                vPortFree
 .text.prvTaskExitError
                0x080030c0       0x40 build/port.o
 .text.prvPortStartFirstTask
                0x08003100       0x28 build/port.o
 .text.vPortEnableVFP
                0x08003128       0x14 build/port.o
 .text.pxPortInitialiseStack
                0x0800313c       0x2c build/port.o
                0x0800313c                pxPortInitialiseStack
 *fill*         0x08003168        0x8 
 .text.SVC_Handler
                0x08003170       0x24 build/port.o
                0x08003170                SVC_Handler
 .text.vPortEnterCritical
                0x08003194       0x44 build/port.o
                0x08003194                vPortEnterCritical
 .text.vPortExitCritical
                0x080031d8       0x2c build/port.o
                0x080031d8                vPortExitCritical
 *fill*         0x08003204        0xc 
 .text.PendSV_Handler
                0x08003210       0x64 build/port.o
                0x08003210                PendSV_Handler
 .text.xPortSysTickHandler
                0x08003274       0x2c build/port.o
                0x08003274                xPortSysTickHandler
 .text.vPortSetupTimerInterrupt
                0x080032a0       0x28 build/port.o
                0x080032a0                vPortSetupTimerInterrupt
 .text.xPortStartScheduler
                0x080032c8      0x118 build/port.o
                0x080032c8                xPortStartScheduler
 .text.vPortValidateInterruptPriority
                0x080033e0       0x5c build/port.o
                0x080033e0                vPortValidateInterruptPriority
 .text.Reset_Handler
                0x0800343c       0x50 build/startup_stm32h723xx.o
                0x0800343c                Reset_Handler
 .text.Default_Handler
                0x0800348c        0x2 build/startup_stm32h723xx.o
                0x0800348c                RTC_Alarm_IRQHandler
                0x0800348c                EXTI2_IRQHandler
                0x0800348c                TIM8_CC_IRQHandler
                0x0800348c                UART8_IRQHandler
                0x0800348c                SPI4_IRQHandler
                0x0800348c                FDCAN3_IT0_IRQHandler
                0x0800348c                TIM1_CC_IRQHandler
                0x0800348c                BDMA_Channel6_IRQHandler
                0x0800348c                DMA2_Stream5_IRQHandler
                0x0800348c                DMA1_Stream5_IRQHandler
                0x0800348c                CORDIC_IRQHandler
                0x0800348c                BDMA_Channel1_IRQHandler
                0x0800348c                TAMP_STAMP_IRQHandler
                0x0800348c                EXTI3_IRQHandler
                0x0800348c                LPTIM4_IRQHandler
                0x0800348c                TIM8_TRG_COM_TIM14_IRQHandler
                0x0800348c                LPTIM2_IRQHandler
                0x0800348c                DFSDM1_FLT1_IRQHandler
                0x0800348c                DMAMUX2_OVR_IRQHandler
                0x0800348c                TIM8_UP_TIM13_IRQHandler
                0x0800348c                I2C3_ER_IRQHandler
                0x0800348c                DFSDM1_FLT2_IRQHandler
                0x0800348c                I2C5_EV_IRQHandler
                0x0800348c                USART10_IRQHandler
                0x0800348c                MDMA_IRQHandler
                0x0800348c                LPTIM3_IRQHandler
                0x0800348c                HSEM1_IRQHandler
                0x0800348c                EXTI0_IRQHandler
                0x0800348c                I2C2_EV_IRQHandler
                0x0800348c                DMA1_Stream2_IRQHandler
                0x0800348c                FPU_IRQHandler
                0x0800348c                OTG_HS_WKUP_IRQHandler
                0x0800348c                FDCAN1_IT1_IRQHandler
                0x0800348c                LTDC_ER_IRQHandler
                0x0800348c                DMA2_Stream2_IRQHandler
                0x0800348c                SPI1_IRQHandler
                0x0800348c                OCTOSPI1_IRQHandler
                0x0800348c                TIM6_DAC_IRQHandler
                0x0800348c                DMA2_Stream3_IRQHandler
                0x0800348c                OCTOSPI2_IRQHandler
                0x0800348c                DFSDM1_FLT3_IRQHandler
                0x0800348c                TIM23_IRQHandler
                0x0800348c                USART6_IRQHandler
                0x0800348c                TIM17_IRQHandler
                0x0800348c                USART3_IRQHandler
                0x0800348c                BDMA_Channel7_IRQHandler
                0x0800348c                LPTIM5_IRQHandler
                0x0800348c                UART5_IRQHandler
                0x0800348c                ADC3_IRQHandler
                0x0800348c                DMA2_Stream0_IRQHandler
                0x0800348c                TIM4_IRQHandler
                0x0800348c                BDMA_Channel2_IRQHandler
                0x0800348c                I2C1_EV_IRQHandler
                0x0800348c                DMA1_Stream6_IRQHandler
                0x0800348c                DMAMUX1_OVR_IRQHandler
                0x0800348c                DMA1_Stream1_IRQHandler
                0x0800348c                TIM16_IRQHandler
                0x0800348c                UART4_IRQHandler
                0x0800348c                BDMA_Channel5_IRQHandler
                0x0800348c                TIM3_IRQHandler
                0x0800348c                RCC_IRQHandler
                0x0800348c                UART9_IRQHandler
                0x0800348c                TIM8_BRK_TIM12_IRQHandler
                0x0800348c                TIM1_TRG_COM_IRQHandler
                0x0800348c                Default_Handler
                0x0800348c                ECC_IRQHandler
                0x0800348c                FMAC_IRQHandler
                0x0800348c                CEC_IRQHandler
                0x0800348c                EXTI15_10_IRQHandler
                0x0800348c                BDMA_Channel0_IRQHandler
                0x0800348c                ADC_IRQHandler
                0x0800348c                I2C5_ER_IRQHandler
                0x0800348c                DMA1_Stream7_IRQHandler
                0x0800348c                SPI5_IRQHandler
                0x0800348c                TIM7_IRQHandler
                0x0800348c                FDCAN3_IT1_IRQHandler
                0x0800348c                SDMMC1_IRQHandler
                0x0800348c                TIM5_IRQHandler
                0x0800348c                DMA2_Stream7_IRQHandler
                0x0800348c                TIM15_IRQHandler
                0x0800348c                PVD_AVD_IRQHandler
                0x0800348c                I2C3_EV_IRQHandler
                0x0800348c                EXTI9_5_IRQHandler
                0x0800348c                RTC_WKUP_IRQHandler
                0x0800348c                LTDC_IRQHandler
                0x0800348c                ETH_WKUP_IRQHandler
                0x0800348c                SPDIF_RX_IRQHandler
                0x0800348c                SPI2_IRQHandler
                0x0800348c                OTG_HS_EP1_IN_IRQHandler
                0x0800348c                DMA1_Stream0_IRQHandler
                0x0800348c                TIM24_IRQHandler
                0x0800348c                CRS_IRQHandler
                0x0800348c                EXTI4_IRQHandler
                0x0800348c                RNG_IRQHandler
                0x0800348c                FDCAN2_IT1_IRQHandler
                0x0800348c                ETH_IRQHandler
                0x0800348c                BDMA_Channel4_IRQHandler
                0x0800348c                OTG_HS_EP1_OUT_IRQHandler
                0x0800348c                WWDG_IRQHandler
                0x0800348c                SPI6_IRQHandler
                0x0800348c                MDIOS_IRQHandler
                0x0800348c                I2C4_EV_IRQHandler
                0x0800348c                FDCAN2_IT0_IRQHandler
                0x0800348c                LPUART1_IRQHandler
                0x0800348c                FDCAN1_IT0_IRQHandler
                0x0800348c                TIM2_IRQHandler
                0x0800348c                OTG_HS_IRQHandler
                0x0800348c                DMA2D_IRQHandler
                0x0800348c                TIM1_BRK_IRQHandler
                0x0800348c                EXTI1_IRQHandler
                0x0800348c                SDMMC2_IRQHandler
                0x0800348c                BDMA_Channel3_IRQHandler
                0x0800348c                DTS_IRQHandler
                0x0800348c                UART7_IRQHandler
                0x0800348c                MDIOS_WKUP_IRQHandler
                0x0800348c                USART2_IRQHandler
                0x0800348c                DFSDM1_FLT0_IRQHandler
                0x0800348c                SAI4_IRQHandler
                0x0800348c                I2C2_ER_IRQHandler
                0x0800348c                DMA2_Stream1_IRQHandler
                0x0800348c                FLASH_IRQHandler
                0x0800348c                DMA2_Stream4_IRQHandler
                0x0800348c                USART1_IRQHandler
                0x0800348c                SPI3_IRQHandler
                0x0800348c                WAKEUP_PIN_IRQHandler
                0x0800348c                DMA1_Stream4_IRQHandler
                0x0800348c                I2C1_ER_IRQHandler
                0x0800348c                FMC_IRQHandler
                0x0800348c                FDCAN_CAL_IRQHandler
                0x0800348c                SWPMI1_IRQHandler
                0x0800348c                COMP1_IRQHandler
                0x0800348c                LPTIM1_IRQHandler
                0x0800348c                DCMI_PSSI_IRQHandler
                0x0800348c                I2C4_ER_IRQHandler
                0x0800348c                DMA2_Stream6_IRQHandler
                0x0800348c                SAI1_IRQHandler
                0x0800348c                DMA1_Stream3_IRQHandler
 *fill*         0x0800348e        0x2 
 .text.__libc_init_array
                0x08003490       0x48 c:/users/admin/desktop/scm/10 2021.10/bin/../lib/gcc/arm-none-eabi/10.3.1/../../../../arm-none-eabi/lib/thumb/v7e-m+dp/hard\libc_nano.a(lib_a-init.o)
                0x08003490                __libc_init_array
 .text.memcpy   0x080034d8       0x1c c:/users/admin/desktop/scm/10 2021.10/bin/../lib/gcc/arm-none-eabi/10.3.1/../../../../arm-none-eabi/lib/thumb/v7e-m+dp/hard\libc_nano.a(lib_a-memcpy-stub.o)
                0x080034d8                memcpy
 .text.memset   0x080034f4       0x10 c:/users/admin/desktop/scm/10 2021.10/bin/../lib/gcc/arm-none-eabi/10.3.1/../../../../arm-none-eabi/lib/thumb/v7e-m+dp/hard\libc_nano.a(lib_a-memset.o)
                0x080034f4                memset
 *(.glue_7)
 .glue_7        0x08003504        0x0 linker stubs
 *(.glue_7t)
 .glue_7t       0x08003504        0x0 linker stubs
 *(.eh_frame)
 .eh_frame      0x08003504        0x0 c:/users/admin/desktop/scm/10 2021.10/bin/../lib/gcc/arm-none-eabi/10.3.1/thumb/v7e-m+dp/hard/crtbegin.o
 *(.init)
 .init          0x08003504        0x4 c:/users/admin/desktop/scm/10 2021.10/bin/../lib/gcc/arm-none-eabi/10.3.1/thumb/v7e-m+dp/hard/crti.o
                0x08003504                _init
 .init          0x08003508        0x8 c:/users/admin/desktop/scm/10 2021.10/bin/../lib/gcc/arm-none-eabi/10.3.1/thumb/v7e-m+dp/hard/crtn.o
 *(.fini)
 .fini          0x08003510        0x4 c:/users/admin/desktop/scm/10 2021.10/bin/../lib/gcc/arm-none-eabi/10.3.1/thumb/v7e-m+dp/hard/crti.o
                0x08003510                _fini
 .fini          0x08003514        0x8 c:/users/admin/desktop/scm/10 2021.10/bin/../lib/gcc/arm-none-eabi/10.3.1/thumb/v7e-m+dp/hard/crtn.o
                0x0800351c                . = ALIGN (0x4)
                0x0800351c                _etext = .

.vfp11_veneer   0x0800351c        0x0
 .vfp11_veneer  0x0800351c        0x0 linker stubs

.v4_bx          0x0800351c        0x0
 .v4_bx         0x0800351c        0x0 linker stubs

.iplt           0x0800351c        0x0
 .iplt          0x0800351c        0x0 c:/users/admin/desktop/scm/10 2021.10/bin/../lib/gcc/arm-none-eabi/10.3.1/thumb/v7e-m+dp/hard/crtbegin.o

.rodata         0x0800351c       0x58
                0x0800351c                . = ALIGN (0x4)
 *(.rodata)
 *(.rodata*)
 .rodata.str1.4
                0x0800351c        0xc build/freertos.o
 .rodata.defaultTask_attributes
                0x08003528       0x24 build/freertos.o
                0x08003528                defaultTask_attributes
 .rodata.D1CorePrescTable
                0x0800354c       0x10 build/system_stm32h7xx.o
                0x0800354c                D1CorePrescTable
 .rodata.vTaskStartScheduler.str1.4
                0x0800355c        0x5 build/tasks.o
 *fill*         0x08003561        0x3 
 .rodata.prvCheckForValidListAndQueue.str1.4
                0x08003564        0x5 build/timers.o
 *fill*         0x08003569        0x3 
 .rodata.xTimerCreateTimerTask.str1.4
                0x0800356c        0x8 build/timers.o
                0x08003574                . = ALIGN (0x4)

.rel.dyn        0x08003574        0x0
 .rel.iplt      0x08003574        0x0 c:/users/admin/desktop/scm/10 2021.10/bin/../lib/gcc/arm-none-eabi/10.3.1/thumb/v7e-m+dp/hard/crtbegin.o

.ARM.extab
 *(.ARM.extab* .gnu.linkonce.armextab.*)

.ARM            0x08003574        0x0
                0x08003574                __exidx_start = .
 *(.ARM.exidx*)
                0x08003574                __exidx_end = .

.preinit_array  0x08003574        0x0
                0x08003574                PROVIDE (__preinit_array_start = .)
 *(.preinit_array*)
                0x08003574                PROVIDE (__preinit_array_end = .)

.init_array     0x08003574        0x4
                0x08003574                PROVIDE (__init_array_start = .)
 *(SORT_BY_NAME(.init_array.*))
 *(.init_array*)
 .init_array    0x08003574        0x4 c:/users/admin/desktop/scm/10 2021.10/bin/../lib/gcc/arm-none-eabi/10.3.1/thumb/v7e-m+dp/hard/crtbegin.o
                0x08003578                PROVIDE (__init_array_end = .)

.fini_array     0x08003578        0x4
                [!provide]                PROVIDE (__fini_array_start = .)
 *(SORT_BY_NAME(.fini_array.*))
 *(.fini_array*)
 .fini_array    0x08003578        0x4 c:/users/admin/desktop/scm/10 2021.10/bin/../lib/gcc/arm-none-eabi/10.3.1/thumb/v7e-m+dp/hard/crtbegin.o
                [!provide]                PROVIDE (__fini_array_end = .)
                0x0800357c                _sidata = LOADADDR (.data)

.data           0x20000000       0x14 load address 0x0800357c
                0x20000000                . = ALIGN (0x4)
                0x20000000                _sdata = .
 *(.data)
 *(.data*)
 .data.uwTickFreq
                0x20000000        0x1 build/stm32h7xx_hal.o
                0x20000000                uwTickFreq
 *fill*         0x20000001        0x3 
 .data.uwTickPrio
                0x20000004        0x4 build/stm32h7xx_hal.o
                0x20000004                uwTickPrio
 .data.SystemCoreClock
                0x20000008        0x4 build/system_stm32h7xx.o
                0x20000008                SystemCoreClock
 .data.SystemD2Clock
                0x2000000c        0x4 build/system_stm32h7xx.o
                0x2000000c                SystemD2Clock
 .data.uxCriticalNesting
                0x20000010        0x4 build/port.o
                0x20000014                . = ALIGN (0x4)
                0x20000014                _edata = .

.igot.plt       0x20000014        0x0 load address 0x08003590
 .igot.plt      0x20000014        0x0 c:/users/admin/desktop/scm/10 2021.10/bin/../lib/gcc/arm-none-eabi/10.3.1/thumb/v7e-m+dp/hard/crtbegin.o
                0x20000014                . = ALIGN (0x4)

.bss            0x20000014     0x49c0 load address 0x08003590
                0x20000014                _sbss = .
                0x20000014                __bss_start__ = _sbss
 *(.bss)
 .bss           0x20000014       0x1c c:/users/admin/desktop/scm/10 2021.10/bin/../lib/gcc/arm-none-eabi/10.3.1/thumb/v7e-m+dp/hard/crtbegin.o
 *(.bss*)
 .bss.defaultTaskHandle
                0x20000030        0x4 build/freertos.o
                0x20000030                defaultTaskHandle
 .bss.htim1     0x20000034       0x4c build/stm32h7xx_hal_timebase_tim.o
                0x20000034                htim1
 .bss.uwTick    0x20000080        0x4 build/stm32h7xx_hal.o
                0x20000080                uwTick
 .bss.xQueueRegistry
                0x20000084       0x40 build/queue.o
                0x20000084                xQueueRegistry
 .bss.pxCurrentTCB
                0x200000c4        0x4 build/tasks.o
                0x200000c4                pxCurrentTCB
 .bss.pxDelayedTaskList
                0x200000c8        0x4 build/tasks.o
 .bss.pxOverflowDelayedTaskList
                0x200000cc        0x4 build/tasks.o
 .bss.pxReadyTasksLists
                0x200000d0      0x460 build/tasks.o
 .bss.uxCurrentNumberOfTasks
                0x20000530        0x4 build/tasks.o
 .bss.uxDeletedTasksWaitingCleanUp
                0x20000534        0x4 build/tasks.o
 .bss.uxSchedulerSuspended
                0x20000538        0x4 build/tasks.o
 .bss.uxTaskNumber
                0x2000053c        0x4 build/tasks.o
 .bss.uxTopReadyPriority
                0x20000540        0x4 build/tasks.o
 .bss.xDelayedTaskList1
                0x20000544       0x14 build/tasks.o
 .bss.xDelayedTaskList2
                0x20000558       0x14 build/tasks.o
 .bss.xIdleTaskHandle
                0x2000056c        0x4 build/tasks.o
 .bss.xNextTaskUnblockTime
                0x20000570        0x4 build/tasks.o
 .bss.xNumOfOverflows
                0x20000574        0x4 build/tasks.o
 .bss.xPendedTicks
                0x20000578        0x4 build/tasks.o
 .bss.xPendingReadyList
                0x2000057c       0x14 build/tasks.o
 .bss.xSchedulerRunning
                0x20000590        0x4 build/tasks.o
 .bss.xSuspendedTaskList
                0x20000594       0x14 build/tasks.o
 .bss.xTasksWaitingTermination
                0x200005a8       0x14 build/tasks.o
 .bss.xTickCount
                0x200005bc        0x4 build/tasks.o
 .bss.xYieldPending
                0x200005c0        0x4 build/tasks.o
 .bss.pxCurrentTimerList
                0x200005c4        0x4 build/timers.o
 .bss.pxOverflowTimerList
                0x200005c8        0x4 build/timers.o
 .bss.ucStaticTimerQueueStorage.1
                0x200005cc       0xa0 build/timers.o
 .bss.xActiveTimerList1
                0x2000066c       0x14 build/timers.o
 .bss.xActiveTimerList2
                0x20000680       0x14 build/timers.o
 .bss.xLastTime.2
                0x20000694        0x4 build/timers.o
 .bss.xStaticTimerQueue.0
                0x20000698       0x50 build/timers.o
 .bss.xTimerQueue
                0x200006e8        0x4 build/timers.o
 .bss.xTimerTaskHandle
                0x200006ec        0x4 build/timers.o
 .bss.Idle_Stack.2
                0x200006f0      0x200 build/cmsis_os2.o
 .bss.Idle_TCB.3
                0x200008f0       0x5c build/cmsis_os2.o
 .bss.KernelState
                0x2000094c        0x4 build/cmsis_os2.o
 .bss.Timer_Stack.0
                0x20000950      0x400 build/cmsis_os2.o
 .bss.Timer_TCB.1
                0x20000d50       0x5c build/cmsis_os2.o
 .bss.pxEnd     0x20000dac        0x4 build/heap_4.o
 .bss.ucHeap    0x20000db0     0x3c00 build/heap_4.o
 .bss.xBlockAllocatedBit
                0x200049b0        0x4 build/heap_4.o
 .bss.xFreeBytesRemaining
                0x200049b4        0x4 build/heap_4.o
 .bss.xMinimumEverFreeBytesRemaining
                0x200049b8        0x4 build/heap_4.o
 .bss.xNumberOfSuccessfulAllocations
                0x200049bc        0x4 build/heap_4.o
 .bss.xNumberOfSuccessfulFrees
                0x200049c0        0x4 build/heap_4.o
 .bss.xStart    0x200049c4        0x8 build/heap_4.o
 .bss.ucMaxSysCallPriority
                0x200049cc        0x1 build/port.o
 *fill*         0x200049cd        0x3 
 .bss.ulMaxPRIGROUPValue
                0x200049d0        0x4 build/port.o
 *(COMMON)
                0x200049d4                . = ALIGN (0x4)
                0x200049d4                _ebss = .
                0x200049d4                __bss_end__ = _ebss

._user_heap_stack
                0x200049d4      0x604 load address 0x08003590
                0x200049d8                . = ALIGN (0x8)
 *fill*         0x200049d4        0x4 
                [!provide]                PROVIDE (end = .)
                0x200049d8                PROVIDE (_end = .)
                0x20004bd8                . = (. + _Min_Heap_Size)
 *fill*         0x200049d8      0x200 
                0x20004fd8                . = (. + _Min_Stack_Size)
 *fill*         0x20004bd8      0x400 
                0x20004fd8                . = ALIGN (0x8)

/DISCARD/
 libc.a(*)
 libm.a(*)
 libgcc.a(*)

.ARM.attributes
                0x00000000       0x2e
 *(.ARM.attributes)
 .ARM.attributes
                0x00000000       0x1e c:/users/admin/desktop/scm/10 2021.10/bin/../lib/gcc/arm-none-eabi/10.3.1/thumb/v7e-m+dp/hard/crti.o
 .ARM.attributes
                0x0000001e       0x32 c:/users/admin/desktop/scm/10 2021.10/bin/../lib/gcc/arm-none-eabi/10.3.1/thumb/v7e-m+dp/hard/crtbegin.o
 .ARM.attributes
                0x00000050       0x32 build/main.o
 .ARM.attributes
                0x00000082       0x32 build/gpio.o
 .ARM.attributes
                0x000000b4       0x32 build/freertos.o
 .ARM.attributes
                0x000000e6       0x32 build/stm32h7xx_it.o
 .ARM.attributes
                0x00000118       0x32 build/stm32h7xx_hal_msp.o
 .ARM.attributes
                0x0000014a       0x32 build/stm32h7xx_hal_timebase_tim.o
 .ARM.attributes
                0x0000017c       0x32 build/stm32h7xx_hal_cortex.o
 .ARM.attributes
                0x000001ae       0x32 build/stm32h7xx_hal_rcc.o
 .ARM.attributes
                0x000001e0       0x32 build/stm32h7xx_hal_pwr_ex.o
 .ARM.attributes
                0x00000212       0x32 build/stm32h7xx_hal.o
 .ARM.attributes
                0x00000244       0x32 build/stm32h7xx_hal_tim.o
 .ARM.attributes
                0x00000276       0x32 build/stm32h7xx_hal_tim_ex.o
 .ARM.attributes
                0x000002a8       0x32 build/system_stm32h7xx.o
 .ARM.attributes
                0x000002da       0x32 build/list.o
 .ARM.attributes
                0x0000030c       0x32 build/queue.o
 .ARM.attributes
                0x0000033e       0x32 build/tasks.o
 .ARM.attributes
                0x00000370       0x32 build/timers.o
 .ARM.attributes
                0x000003a2       0x32 build/cmsis_os2.o
 .ARM.attributes
                0x000003d4       0x32 build/heap_4.o
 .ARM.attributes
                0x00000406       0x32 build/port.o
 .ARM.attributes
                0x00000438       0x21 build/startup_stm32h723xx.o
 .ARM.attributes
                0x00000459       0x32 c:/users/admin/desktop/scm/10 2021.10/bin/../lib/gcc/arm-none-eabi/10.3.1/../../../../arm-none-eabi/lib/thumb/v7e-m+dp/hard\libc_nano.a(lib_a-init.o)
 .ARM.attributes
                0x0000048b       0x32 c:/users/admin/desktop/scm/10 2021.10/bin/../lib/gcc/arm-none-eabi/10.3.1/../../../../arm-none-eabi/lib/thumb/v7e-m+dp/hard\libc_nano.a(lib_a-memcpy-stub.o)
 .ARM.attributes
                0x000004bd       0x32 c:/users/admin/desktop/scm/10 2021.10/bin/../lib/gcc/arm-none-eabi/10.3.1/../../../../arm-none-eabi/lib/thumb/v7e-m+dp/hard\libc_nano.a(lib_a-memset.o)
 .ARM.attributes
                0x000004ef       0x1e c:/users/admin/desktop/scm/10 2021.10/bin/../lib/gcc/arm-none-eabi/10.3.1/thumb/v7e-m+dp/hard/crtn.o
OUTPUT(build/h723zgt6_ssr.elf elf32-littlearm)
LOAD linker stubs
LOAD c:/users/admin/desktop/scm/10 2021.10/bin/../lib/gcc/arm-none-eabi/10.3.1/../../../../arm-none-eabi/lib/thumb/v7e-m+dp/hard\libc.a
LOAD c:/users/admin/desktop/scm/10 2021.10/bin/../lib/gcc/arm-none-eabi/10.3.1/../../../../arm-none-eabi/lib/thumb/v7e-m+dp/hard\libm.a
LOAD c:/users/admin/desktop/scm/10 2021.10/bin/../lib/gcc/arm-none-eabi/10.3.1/thumb/v7e-m+dp/hard\libgcc.a

.debug_info     0x00000000    0x1d9ed
 .debug_info    0x00000000      0xea7 build/main.o
 .debug_info    0x00000ea7      0x57d build/gpio.o
 .debug_info    0x00001424      0x387 build/freertos.o
 .debug_info    0x000017ab      0x8ea build/stm32h7xx_it.o
 .debug_info    0x00002095      0x8ef build/stm32h7xx_hal_msp.o
 .debug_info    0x00002984     0x1286 build/stm32h7xx_hal_timebase_tim.o
 .debug_info    0x00003c0a     0x14fb build/stm32h7xx_hal_cortex.o
 .debug_info    0x00005105     0x1281 build/stm32h7xx_hal_rcc.o
 .debug_info    0x00006386     0x114d build/stm32h7xx_hal_pwr_ex.o
 .debug_info    0x000074d3     0x1a79 build/stm32h7xx_hal.o
 .debug_info    0x00008f4c     0x432c build/stm32h7xx_hal_tim.o
 .debug_info    0x0000d278     0x217e build/stm32h7xx_hal_tim_ex.o
 .debug_info    0x0000f3f6      0xcbb build/system_stm32h7xx.o
 .debug_info    0x000100b1      0x30f build/list.o
 .debug_info    0x000103c0     0x2965 build/queue.o
 .debug_info    0x00012d25     0x333f build/tasks.o
 .debug_info    0x00016064     0x1bd3 build/timers.o
 .debug_info    0x00017c37     0x51b2 build/cmsis_os2.o
 .debug_info    0x0001cde9      0x61a build/heap_4.o
 .debug_info    0x0001d403      0x5c8 build/port.o
 .debug_info    0x0001d9cb       0x22 build/startup_stm32h723xx.o

.debug_abbrev   0x00000000     0x3096
 .debug_abbrev  0x00000000      0x255 build/main.o
 .debug_abbrev  0x00000255       0xd3 build/gpio.o
 .debug_abbrev  0x00000328      0x10e build/freertos.o
 .debug_abbrev  0x00000436      0x17c build/stm32h7xx_it.o
 .debug_abbrev  0x000005b2      0x11c build/stm32h7xx_hal_msp.o
 .debug_abbrev  0x000006ce      0x211 build/stm32h7xx_hal_timebase_tim.o
 .debug_abbrev  0x000008df      0x395 build/stm32h7xx_hal_cortex.o
 .debug_abbrev  0x00000c74      0x27d build/stm32h7xx_hal_rcc.o
 .debug_abbrev  0x00000ef1      0x2b6 build/stm32h7xx_hal_pwr_ex.o
 .debug_abbrev  0x000011a7      0x26a build/stm32h7xx_hal.o
 .debug_abbrev  0x00001411      0x289 build/stm32h7xx_hal_tim.o
 .debug_abbrev  0x0000169a      0x29f build/stm32h7xx_hal_tim_ex.o
 .debug_abbrev  0x00001939      0x12a build/system_stm32h7xx.o
 .debug_abbrev  0x00001a63      0x124 build/list.o
 .debug_abbrev  0x00001b87      0x3c4 build/queue.o
 .debug_abbrev  0x00001f4b      0x387 build/tasks.o
 .debug_abbrev  0x000022d2      0x366 build/timers.o
 .debug_abbrev  0x00002638      0x559 build/cmsis_os2.o
 .debug_abbrev  0x00002b91      0x269 build/heap_4.o
 .debug_abbrev  0x00002dfa      0x28a build/port.o
 .debug_abbrev  0x00003084       0x12 build/startup_stm32h723xx.o

.debug_loc      0x00000000    0x17487
 .debug_loc     0x00000000      0x100 build/main.o
 .debug_loc     0x00000100       0x2c build/gpio.o
 .debug_loc     0x0000012c       0x65 build/freertos.o
 .debug_loc     0x00000191       0x20 build/stm32h7xx_it.o
 .debug_loc     0x000001b1       0x38 build/stm32h7xx_hal_msp.o
 .debug_loc     0x000001e9       0xcb build/stm32h7xx_hal_timebase_tim.o
 .debug_loc     0x000002b4      0x786 build/stm32h7xx_hal_cortex.o
 .debug_loc     0x00000a3a      0xa66 build/stm32h7xx_hal_rcc.o
 .debug_loc     0x000014a0      0x5ab build/stm32h7xx_hal_pwr_ex.o
 .debug_loc     0x00001a4b      0x526 build/stm32h7xx_hal.o
 .debug_loc     0x00001f71     0x6278 build/stm32h7xx_hal_tim.o
 .debug_loc     0x000081e9     0x2b8e build/stm32h7xx_hal_tim_ex.o
 .debug_loc     0x0000ad77      0x1d8 build/system_stm32h7xx.o
 .debug_loc     0x0000af4f       0xe5 build/list.o
 .debug_loc     0x0000b034     0x1fa3 build/queue.o
 .debug_loc     0x0000cfd7     0x2c5f build/tasks.o
 .debug_loc     0x0000fc36     0x156d build/timers.o
 .debug_loc     0x000111a3     0x5c40 build/cmsis_os2.o
 .debug_loc     0x00016de3      0x4e4 build/heap_4.o
 .debug_loc     0x000172c7      0x1c0 build/port.o

.debug_aranges  0x00000000     0x1340
 .debug_aranges
                0x00000000       0x40 build/main.o
 .debug_aranges
                0x00000040       0x20 build/gpio.o
 .debug_aranges
                0x00000060       0x28 build/freertos.o
 .debug_aranges
                0x00000088       0x50 build/stm32h7xx_it.o
 .debug_aranges
                0x000000d8       0x20 build/stm32h7xx_hal_msp.o
 .debug_aranges
                0x000000f8       0x30 build/stm32h7xx_hal_timebase_tim.o
 .debug_aranges
                0x00000128       0xb0 build/stm32h7xx_hal_cortex.o
 .debug_aranges
                0x000001d8       0x88 build/stm32h7xx_hal_rcc.o
 .debug_aranges
                0x00000260      0x148 build/stm32h7xx_hal_pwr_ex.o
 .debug_aranges
                0x000003a8      0x1c8 build/stm32h7xx_hal.o
 .debug_aranges
                0x00000570      0x3e0 build/stm32h7xx_hal_tim.o
 .debug_aranges
                0x00000950      0x198 build/stm32h7xx_hal_tim_ex.o
 .debug_aranges
                0x00000ae8       0x28 build/system_stm32h7xx.o
 .debug_aranges
                0x00000b10       0x40 build/list.o
 .debug_aranges
                0x00000b50      0x158 build/queue.o
 .debug_aranges
                0x00000ca8      0x208 build/tasks.o
 .debug_aranges
                0x00000eb0       0xf0 build/timers.o
 .debug_aranges
                0x00000fa0      0x2a0 build/cmsis_os2.o
 .debug_aranges
                0x00001240       0x58 build/heap_4.o
 .debug_aranges
                0x00001298       0x80 build/port.o
 .debug_aranges
                0x00001318       0x28 build/startup_stm32h723xx.o

.debug_ranges   0x00000000     0x1550
 .debug_ranges  0x00000000       0x30 build/main.o
 .debug_ranges  0x00000030       0x10 build/gpio.o
 .debug_ranges  0x00000040       0x18 build/freertos.o
 .debug_ranges  0x00000058       0x40 build/stm32h7xx_it.o
 .debug_ranges  0x00000098       0x10 build/stm32h7xx_hal_msp.o
 .debug_ranges  0x000000a8       0x20 build/stm32h7xx_hal_timebase_tim.o
 .debug_ranges  0x000000c8      0x100 build/stm32h7xx_hal_cortex.o
 .debug_ranges  0x000001c8       0xe8 build/stm32h7xx_hal_rcc.o
 .debug_ranges  0x000002b0      0x198 build/stm32h7xx_hal_pwr_ex.o
 .debug_ranges  0x00000448      0x1b8 build/stm32h7xx_hal.o
 .debug_ranges  0x00000600      0x3d0 build/stm32h7xx_hal_tim.o
 .debug_ranges  0x000009d0      0x188 build/stm32h7xx_hal_tim_ex.o
 .debug_ranges  0x00000b58       0x18 build/system_stm32h7xx.o
 .debug_ranges  0x00000b70       0x30 build/list.o
 .debug_ranges  0x00000ba0      0x200 build/queue.o
 .debug_ranges  0x00000da0      0x338 build/tasks.o
 .debug_ranges  0x000010d8       0xe0 build/timers.o
 .debug_ranges  0x000011b8      0x2a8 build/cmsis_os2.o
 .debug_ranges  0x00001460       0x48 build/heap_4.o
 .debug_ranges  0x000014a8       0x88 build/port.o
 .debug_ranges  0x00001530       0x20 build/startup_stm32h723xx.o

.debug_line     0x00000000    0x15423
 .debug_line    0x00000000      0x55f build/main.o
 .debug_line    0x0000055f      0x175 build/gpio.o
 .debug_line    0x000006d4      0x1a7 build/freertos.o
 .debug_line    0x0000087b      0x2dd build/stm32h7xx_it.o
 .debug_line    0x00000b58      0x1ee build/stm32h7xx_hal_msp.o
 .debug_line    0x00000d46      0x318 build/stm32h7xx_hal_timebase_tim.o
 .debug_line    0x0000105e      0x85d build/stm32h7xx_hal_cortex.o
 .debug_line    0x000018bb     0x12b5 build/stm32h7xx_hal_rcc.o
 .debug_line    0x00002b70      0xa81 build/stm32h7xx_hal_pwr_ex.o
 .debug_line    0x000035f1      0xa2a build/stm32h7xx_hal.o
 .debug_line    0x0000401b     0x5181 build/stm32h7xx_hal_tim.o
 .debug_line    0x0000919c     0x217d build/stm32h7xx_hal_tim_ex.o
 .debug_line    0x0000b319      0x476 build/system_stm32h7xx.o
 .debug_line    0x0000b78f      0x3f3 build/list.o
 .debug_line    0x0000bb82     0x20c2 build/queue.o
 .debug_line    0x0000dc44     0x2e0f build/tasks.o
 .debug_line    0x00010a53      0xf9f build/timers.o
 .debug_line    0x000119f2     0x2a94 build/cmsis_os2.o
 .debug_line    0x00014486      0x7bf build/heap_4.o
 .debug_line    0x00014c45      0x768 build/port.o
 .debug_line    0x000153ad       0x76 build/startup_stm32h723xx.o

.debug_str      0x00000000     0x78e9
 .debug_str     0x00000000      0xad2 build/main.o
                                0xbc5 (size before relaxing)
 .debug_str     0x00000ad2      0x224 build/gpio.o
                                0x3de (size before relaxing)
 .debug_str     0x00000cf6      0x4d2 build/freertos.o
                                0x67a (size before relaxing)
 .debug_str     0x000011c8       0xa9 build/stm32h7xx_it.o
                                0x87e (size before relaxing)
 .debug_str     0x00001271      0x7e0 build/stm32h7xx_hal_msp.o
                                0xbdd (size before relaxing)
 .debug_str     0x00001a51      0x113 build/stm32h7xx_hal_timebase_tim.o
                               0x13a9 (size before relaxing)
 .debug_str     0x00001b64      0x529 build/stm32h7xx_hal_cortex.o
                               0x103d (size before relaxing)
 .debug_str     0x0000208d      0x392 build/stm32h7xx_hal_rcc.o
                                0x9ef (size before relaxing)
 .debug_str     0x0000241f      0x604 build/stm32h7xx_hal_pwr_ex.o
                                0x9e8 (size before relaxing)
 .debug_str     0x00002a23      0x7d3 build/stm32h7xx_hal.o
                               0x15c6 (size before relaxing)
 .debug_str     0x000031f6      0xf59 build/stm32h7xx_hal_tim.o
                               0x1857 (size before relaxing)
 .debug_str     0x0000414f      0x72d build/stm32h7xx_hal_tim_ex.o
                               0x11d8 (size before relaxing)
 .debug_str     0x0000487c       0x3d build/system_stm32h7xx.o
                                0x695 (size before relaxing)
 .debug_str     0x000048b9      0x189 build/list.o
                                0x334 (size before relaxing)
 .debug_str     0x00004a42      0xa66 build/queue.o
                                0xd4a (size before relaxing)
 .debug_str     0x000054a8      0xcd1 build/tasks.o
                               0x1319 (size before relaxing)
 .debug_str     0x00006179      0x614 build/timers.o
                                0xc7a (size before relaxing)
 .debug_str     0x0000678d      0xc84 build/cmsis_os2.o
                               0x2552 (size before relaxing)
 .debug_str     0x00007411      0x2fb build/heap_4.o
                                0x542 (size before relaxing)
 .debug_str     0x0000770c      0x1b9 build/port.o
                                0x4b4 (size before relaxing)
 .debug_str     0x000078c5       0x24 build/startup_stm32h723xx.o
                                 0x60 (size before relaxing)

.comment        0x00000000       0x49
 .comment       0x00000000       0x49 build/main.o
                                 0x4a (size before relaxing)
 .comment       0x00000049       0x4a build/gpio.o
 .comment       0x00000049       0x4a build/freertos.o
 .comment       0x00000049       0x4a build/stm32h7xx_it.o
 .comment       0x00000049       0x4a build/stm32h7xx_hal_msp.o
 .comment       0x00000049       0x4a build/stm32h7xx_hal_timebase_tim.o
 .comment       0x00000049       0x4a build/stm32h7xx_hal_cortex.o
 .comment       0x00000049       0x4a build/stm32h7xx_hal_rcc.o
 .comment       0x00000049       0x4a build/stm32h7xx_hal_pwr_ex.o
 .comment       0x00000049       0x4a build/stm32h7xx_hal.o
 .comment       0x00000049       0x4a build/stm32h7xx_hal_tim.o
 .comment       0x00000049       0x4a build/stm32h7xx_hal_tim_ex.o
 .comment       0x00000049       0x4a build/system_stm32h7xx.o
 .comment       0x00000049       0x4a build/list.o
 .comment       0x00000049       0x4a build/queue.o
 .comment       0x00000049       0x4a build/tasks.o
 .comment       0x00000049       0x4a build/timers.o
 .comment       0x00000049       0x4a build/cmsis_os2.o
 .comment       0x00000049       0x4a build/heap_4.o
 .comment       0x00000049       0x4a build/port.o

.debug_frame    0x00000000     0x3574
 .debug_frame   0x00000000       0x90 build/main.o
 .debug_frame   0x00000090       0x28 build/gpio.o
 .debug_frame   0x000000b8       0x40 build/freertos.o
 .debug_frame   0x000000f8       0x88 build/stm32h7xx_it.o
 .debug_frame   0x00000180       0x2c build/stm32h7xx_hal_msp.o
 .debug_frame   0x000001ac       0x50 build/stm32h7xx_hal_timebase_tim.o
 .debug_frame   0x000001fc      0x158 build/stm32h7xx_hal_cortex.o
 .debug_frame   0x00000354      0x184 build/stm32h7xx_hal_rcc.o
 .debug_frame   0x000004d8      0x2d4 build/stm32h7xx_hal_pwr_ex.o
 .debug_frame   0x000007ac      0x3c0 build/stm32h7xx_hal.o
 .debug_frame   0x00000b6c      0xb6c build/stm32h7xx_hal_tim.o
 .debug_frame   0x000016d8      0x4b0 build/stm32h7xx_hal_tim_ex.o
 .debug_frame   0x00001b88       0x3c build/system_stm32h7xx.o
 .debug_frame   0x00001bc4       0x70 build/list.o
 .debug_frame   0x00001c34      0x458 build/queue.o
 .debug_frame   0x0000208c      0x688 build/tasks.o
 .debug_frame   0x00002714      0x30c build/timers.o
 .debug_frame   0x00002a20      0x900 build/cmsis_os2.o
 .debug_frame   0x00003320       0xd0 build/heap_4.o
 .debug_frame   0x000033f0      0x110 build/port.o
 .debug_frame   0x00003500       0x2c c:/users/admin/desktop/scm/10 2021.10/bin/../lib/gcc/arm-none-eabi/10.3.1/../../../../arm-none-eabi/lib/thumb/v7e-m+dp/hard\libc_nano.a(lib_a-init.o)
 .debug_frame   0x0000352c       0x28 c:/users/admin/desktop/scm/10 2021.10/bin/../lib/gcc/arm-none-eabi/10.3.1/../../../../arm-none-eabi/lib/thumb/v7e-m+dp/hard\libc_nano.a(lib_a-memcpy-stub.o)
 .debug_frame   0x00003554       0x20 c:/users/admin/desktop/scm/10 2021.10/bin/../lib/gcc/arm-none-eabi/10.3.1/../../../../arm-none-eabi/lib/thumb/v7e-m+dp/hard\libc_nano.a(lib_a-memset.o)

Cross Reference Table

Symbol                                            File
ADC3_IRQHandler                                   build/startup_stm32h723xx.o
ADC_IRQHandler                                    build/startup_stm32h723xx.o
BDMA_Channel0_IRQHandler                          build/startup_stm32h723xx.o
BDMA_Channel1_IRQHandler                          build/startup_stm32h723xx.o
BDMA_Channel2_IRQHandler                          build/startup_stm32h723xx.o
BDMA_Channel3_IRQHandler                          build/startup_stm32h723xx.o
BDMA_Channel4_IRQHandler                          build/startup_stm32h723xx.o
BDMA_Channel5_IRQHandler                          build/startup_stm32h723xx.o
BDMA_Channel6_IRQHandler                          build/startup_stm32h723xx.o
BDMA_Channel7_IRQHandler                          build/startup_stm32h723xx.o
BusFault_Handler                                  build/stm32h7xx_it.o
CEC_IRQHandler                                    build/startup_stm32h723xx.o
COMP1_IRQHandler                                  build/startup_stm32h723xx.o
CORDIC_IRQHandler                                 build/startup_stm32h723xx.o
CRS_IRQHandler                                    build/startup_stm32h723xx.o
D1CorePrescTable                                  build/system_stm32h7xx.o
                                                  build/stm32h7xx_hal.o
                                                  build/stm32h7xx_hal_rcc_ex.o
                                                  build/stm32h7xx_hal_rcc.o
DCMI_PSSI_IRQHandler                              build/startup_stm32h723xx.o
DFSDM1_FLT0_IRQHandler                            build/startup_stm32h723xx.o
DFSDM1_FLT1_IRQHandler                            build/startup_stm32h723xx.o
DFSDM1_FLT2_IRQHandler                            build/startup_stm32h723xx.o
DFSDM1_FLT3_IRQHandler                            build/startup_stm32h723xx.o
DMA1_Stream0_IRQHandler                           build/startup_stm32h723xx.o
DMA1_Stream1_IRQHandler                           build/startup_stm32h723xx.o
DMA1_Stream2_IRQHandler                           build/startup_stm32h723xx.o
DMA1_Stream3_IRQHandler                           build/startup_stm32h723xx.o
DMA1_Stream4_IRQHandler                           build/startup_stm32h723xx.o
DMA1_Stream5_IRQHandler                           build/startup_stm32h723xx.o
DMA1_Stream6_IRQHandler                           build/startup_stm32h723xx.o
DMA1_Stream7_IRQHandler                           build/startup_stm32h723xx.o
DMA2D_IRQHandler                                  build/startup_stm32h723xx.o
DMA2_Stream0_IRQHandler                           build/startup_stm32h723xx.o
DMA2_Stream1_IRQHandler                           build/startup_stm32h723xx.o
DMA2_Stream2_IRQHandler                           build/startup_stm32h723xx.o
DMA2_Stream3_IRQHandler                           build/startup_stm32h723xx.o
DMA2_Stream4_IRQHandler                           build/startup_stm32h723xx.o
DMA2_Stream5_IRQHandler                           build/startup_stm32h723xx.o
DMA2_Stream6_IRQHandler                           build/startup_stm32h723xx.o
DMA2_Stream7_IRQHandler                           build/startup_stm32h723xx.o
DMAMUX1_OVR_IRQHandler                            build/startup_stm32h723xx.o
DMAMUX2_OVR_IRQHandler                            build/startup_stm32h723xx.o
DTS_IRQHandler                                    build/startup_stm32h723xx.o
DebugMon_Handler                                  build/stm32h7xx_it.o
Default_Handler                                   build/startup_stm32h723xx.o
ECC_IRQHandler                                    build/startup_stm32h723xx.o
ETH_IRQHandler                                    build/startup_stm32h723xx.o
ETH_WKUP_IRQHandler                               build/startup_stm32h723xx.o
EXTI0_IRQHandler                                  build/startup_stm32h723xx.o
EXTI15_10_IRQHandler                              build/startup_stm32h723xx.o
EXTI1_IRQHandler                                  build/startup_stm32h723xx.o
EXTI2_IRQHandler                                  build/startup_stm32h723xx.o
EXTI3_IRQHandler                                  build/startup_stm32h723xx.o
EXTI4_IRQHandler                                  build/startup_stm32h723xx.o
EXTI9_5_IRQHandler                                build/startup_stm32h723xx.o
Error_Handler                                     build/main.o
FDCAN1_IT0_IRQHandler                             build/startup_stm32h723xx.o
FDCAN1_IT1_IRQHandler                             build/startup_stm32h723xx.o
FDCAN2_IT0_IRQHandler                             build/startup_stm32h723xx.o
FDCAN2_IT1_IRQHandler                             build/startup_stm32h723xx.o
FDCAN3_IT0_IRQHandler                             build/startup_stm32h723xx.o
FDCAN3_IT1_IRQHandler                             build/startup_stm32h723xx.o
FDCAN_CAL_IRQHandler                              build/startup_stm32h723xx.o
FLASH_CRC_WaitForLastOperation                    build/stm32h7xx_hal_flash.o
                                                  build/stm32h7xx_hal_flash_ex.o
FLASH_Erase_Sector                                build/stm32h7xx_hal_flash_ex.o
                                                  build/stm32h7xx_hal_flash.o
FLASH_IRQHandler                                  build/startup_stm32h723xx.o
FLASH_OB_WaitForLastOperation                     build/stm32h7xx_hal_flash.o
                                                  build/stm32h7xx_hal_flash_ex.o
FLASH_WaitForLastOperation                        build/stm32h7xx_hal_flash.o
                                                  build/stm32h7xx_hal_flash_ex.o
FMAC_IRQHandler                                   build/startup_stm32h723xx.o
FMC_IRQHandler                                    build/startup_stm32h723xx.o
FPU_IRQHandler                                    build/startup_stm32h723xx.o
HAL_DBGMCU_DisableDBGSleepMode                    build/stm32h7xx_hal.o
HAL_DBGMCU_DisableDBGStandbyMode                  build/stm32h7xx_hal.o
HAL_DBGMCU_DisableDBGStopMode                     build/stm32h7xx_hal.o
HAL_DBGMCU_EnableDBGSleepMode                     build/stm32h7xx_hal.o
HAL_DBGMCU_EnableDBGStandbyMode                   build/stm32h7xx_hal.o
HAL_DBGMCU_EnableDBGStopMode                      build/stm32h7xx_hal.o
HAL_DMAEx_ChangeMemory                            build/stm32h7xx_hal_dma_ex.o
HAL_DMAEx_ConfigMuxRequestGenerator               build/stm32h7xx_hal_dma_ex.o
HAL_DMAEx_ConfigMuxSync                           build/stm32h7xx_hal_dma_ex.o
HAL_DMAEx_DisableMuxRequestGenerator              build/stm32h7xx_hal_dma_ex.o
HAL_DMAEx_EnableMuxRequestGenerator               build/stm32h7xx_hal_dma_ex.o
HAL_DMAEx_MUX_IRQHandler                          build/stm32h7xx_hal_dma_ex.o
HAL_DMAEx_MultiBufferStart                        build/stm32h7xx_hal_dma_ex.o
HAL_DMAEx_MultiBufferStart_IT                     build/stm32h7xx_hal_dma_ex.o
HAL_DMA_Abort                                     build/stm32h7xx_hal_dma.o
HAL_DMA_Abort_IT                                  build/stm32h7xx_hal_dma.o
                                                  build/stm32h7xx_hal_tim_ex.o
                                                  build/stm32h7xx_hal_tim.o
                                                  build/stm32h7xx_hal_i2c.o
HAL_DMA_DeInit                                    build/stm32h7xx_hal_dma.o
HAL_DMA_GetError                                  build/stm32h7xx_hal_dma.o
                                                  build/stm32h7xx_hal_i2c.o
HAL_DMA_GetState                                  build/stm32h7xx_hal_dma.o
                                                  build/stm32h7xx_hal_i2c.o
HAL_DMA_IRQHandler                                build/stm32h7xx_hal_dma.o
HAL_DMA_Init                                      build/stm32h7xx_hal_dma.o
HAL_DMA_PollForTransfer                           build/stm32h7xx_hal_dma.o
HAL_DMA_RegisterCallback                          build/stm32h7xx_hal_dma.o
HAL_DMA_Start                                     build/stm32h7xx_hal_dma.o
HAL_DMA_Start_IT                                  build/stm32h7xx_hal_dma.o
                                                  build/stm32h7xx_hal_tim_ex.o
                                                  build/stm32h7xx_hal_tim.o
                                                  build/stm32h7xx_hal_i2c.o
HAL_DMA_UnRegisterCallback                        build/stm32h7xx_hal_dma.o
HAL_DeInit                                        build/stm32h7xx_hal.o
HAL_Delay                                         build/stm32h7xx_hal.o
HAL_DisableCompensationCell                       build/stm32h7xx_hal.o
HAL_DisableDomain3DBGStandbyMode                  build/stm32h7xx_hal.o
HAL_DisableDomain3DBGStopMode                     build/stm32h7xx_hal.o
HAL_EXTI_ClearConfigLine                          build/stm32h7xx_hal_exti.o
HAL_EXTI_ClearPending                             build/stm32h7xx_hal_exti.o
HAL_EXTI_D1_ClearFlag                             build/stm32h7xx_hal.o
HAL_EXTI_D1_EventInputConfig                      build/stm32h7xx_hal.o
HAL_EXTI_D3_EventInputConfig                      build/stm32h7xx_hal.o
HAL_EXTI_EdgeConfig                               build/stm32h7xx_hal.o
HAL_EXTI_GenerateSWI                              build/stm32h7xx_hal_exti.o
HAL_EXTI_GenerateSWInterrupt                      build/stm32h7xx_hal.o
HAL_EXTI_GetConfigLine                            build/stm32h7xx_hal_exti.o
HAL_EXTI_GetHandle                                build/stm32h7xx_hal_exti.o
HAL_EXTI_GetPending                               build/stm32h7xx_hal_exti.o
HAL_EXTI_IRQHandler                               build/stm32h7xx_hal_exti.o
HAL_EXTI_RegisterCallback                         build/stm32h7xx_hal_exti.o
HAL_EXTI_SetConfigLine                            build/stm32h7xx_hal_exti.o
HAL_EnableCompensationCell                        build/stm32h7xx_hal.o
HAL_EnableDomain3DBGStandbyMode                   build/stm32h7xx_hal.o
HAL_EnableDomain3DBGStopMode                      build/stm32h7xx_hal.o
HAL_FLASHEx_ComputeCRC                            build/stm32h7xx_hal_flash_ex.o
HAL_FLASHEx_Erase                                 build/stm32h7xx_hal_flash_ex.o
HAL_FLASHEx_Erase_IT                              build/stm32h7xx_hal_flash_ex.o
HAL_FLASHEx_Lock_Bank1                            build/stm32h7xx_hal_flash_ex.o
HAL_FLASHEx_OBGetConfig                           build/stm32h7xx_hal_flash_ex.o
HAL_FLASHEx_OBProgram                             build/stm32h7xx_hal_flash_ex.o
HAL_FLASHEx_Unlock_Bank1                          build/stm32h7xx_hal_flash_ex.o
HAL_FLASH_EndOfOperationCallback                  build/stm32h7xx_hal_flash.o
HAL_FLASH_GetError                                build/stm32h7xx_hal_flash.o
HAL_FLASH_IRQHandler                              build/stm32h7xx_hal_flash.o
HAL_FLASH_Lock                                    build/stm32h7xx_hal_flash.o
HAL_FLASH_OB_Launch                               build/stm32h7xx_hal_flash.o
HAL_FLASH_OB_Lock                                 build/stm32h7xx_hal_flash.o
HAL_FLASH_OB_Unlock                               build/stm32h7xx_hal_flash.o
HAL_FLASH_OperationErrorCallback                  build/stm32h7xx_hal_flash.o
HAL_FLASH_Program                                 build/stm32h7xx_hal_flash.o
HAL_FLASH_Program_IT                              build/stm32h7xx_hal_flash.o
HAL_FLASH_Unlock                                  build/stm32h7xx_hal_flash.o
HAL_GPIO_DeInit                                   build/stm32h7xx_hal_gpio.o
HAL_GPIO_EXTI_Callback                            build/stm32h7xx_hal_gpio.o
HAL_GPIO_EXTI_IRQHandler                          build/stm32h7xx_hal_gpio.o
HAL_GPIO_Init                                     build/stm32h7xx_hal_gpio.o
                                                  build/stm32h7xx_hal_rcc.o
HAL_GPIO_LockPin                                  build/stm32h7xx_hal_gpio.o
HAL_GPIO_ReadPin                                  build/stm32h7xx_hal_gpio.o
HAL_GPIO_TogglePin                                build/stm32h7xx_hal_gpio.o
HAL_GPIO_WritePin                                 build/stm32h7xx_hal_gpio.o
HAL_GetCurrentCPUID                               build/stm32h7xx_hal_cortex.o
HAL_GetDEVID                                      build/stm32h7xx_hal.o
HAL_GetFMCMemorySwappingConfig                    build/stm32h7xx_hal.o
HAL_GetHalVersion                                 build/stm32h7xx_hal.o
HAL_GetREVID                                      build/stm32h7xx_hal.o
                                                  build/stm32h7xx_hal_rcc_ex.o
HAL_GetTick                                       build/stm32h7xx_hal.o
                                                  build/stm32h7xx_hal_tim_ex.o
                                                  build/stm32h7xx_hal_i2c.o
                                                  build/stm32h7xx_hal_pwr_ex.o
                                                  build/stm32h7xx_hal_mdma.o
                                                  build/stm32h7xx_hal_dma.o
                                                  build/stm32h7xx_hal_flash.o
                                                  build/stm32h7xx_hal_rcc_ex.o
                                                  build/stm32h7xx_hal_rcc.o
HAL_GetTickFreq                                   build/stm32h7xx_hal.o
HAL_GetTickPrio                                   build/stm32h7xx_hal.o
HAL_GetUIDw0                                      build/stm32h7xx_hal.o
HAL_GetUIDw1                                      build/stm32h7xx_hal.o
HAL_GetUIDw2                                      build/stm32h7xx_hal.o
HAL_HSEM_ActivateNotification                     build/stm32h7xx_hal_hsem.o
HAL_HSEM_DeactivateNotification                   build/stm32h7xx_hal_hsem.o
HAL_HSEM_FastTake                                 build/stm32h7xx_hal_hsem.o
HAL_HSEM_FreeCallback                             build/stm32h7xx_hal_hsem.o
HAL_HSEM_GetClearKey                              build/stm32h7xx_hal_hsem.o
HAL_HSEM_IRQHandler                               build/stm32h7xx_hal_hsem.o
HAL_HSEM_IsSemTaken                               build/stm32h7xx_hal_hsem.o
HAL_HSEM_Release                                  build/stm32h7xx_hal_hsem.o
HAL_HSEM_ReleaseAll                               build/stm32h7xx_hal_hsem.o
HAL_HSEM_SetClearKey                              build/stm32h7xx_hal_hsem.o
HAL_HSEM_Take                                     build/stm32h7xx_hal_hsem.o
HAL_I2CEx_ConfigAnalogFilter                      build/stm32h7xx_hal_i2c_ex.o
HAL_I2CEx_ConfigDigitalFilter                     build/stm32h7xx_hal_i2c_ex.o
HAL_I2CEx_DisableFastModePlus                     build/stm32h7xx_hal_i2c_ex.o
HAL_I2CEx_DisableWakeUp                           build/stm32h7xx_hal_i2c_ex.o
HAL_I2CEx_EnableFastModePlus                      build/stm32h7xx_hal_i2c_ex.o
HAL_I2CEx_EnableWakeUp                            build/stm32h7xx_hal_i2c_ex.o
HAL_I2C_AbortCpltCallback                         build/stm32h7xx_hal_i2c.o
HAL_I2C_AddrCallback                              build/stm32h7xx_hal_i2c.o
HAL_I2C_DeInit                                    build/stm32h7xx_hal_i2c.o
HAL_I2C_DisableListen_IT                          build/stm32h7xx_hal_i2c.o
HAL_I2C_ER_IRQHandler                             build/stm32h7xx_hal_i2c.o
HAL_I2C_EV_IRQHandler                             build/stm32h7xx_hal_i2c.o
HAL_I2C_EnableListen_IT                           build/stm32h7xx_hal_i2c.o
HAL_I2C_ErrorCallback                             build/stm32h7xx_hal_i2c.o
HAL_I2C_GetError                                  build/stm32h7xx_hal_i2c.o
HAL_I2C_GetMode                                   build/stm32h7xx_hal_i2c.o
HAL_I2C_GetState                                  build/stm32h7xx_hal_i2c.o
HAL_I2C_Init                                      build/stm32h7xx_hal_i2c.o
HAL_I2C_IsDeviceReady                             build/stm32h7xx_hal_i2c.o
HAL_I2C_ListenCpltCallback                        build/stm32h7xx_hal_i2c.o
HAL_I2C_MasterRxCpltCallback                      build/stm32h7xx_hal_i2c.o
HAL_I2C_MasterTxCpltCallback                      build/stm32h7xx_hal_i2c.o
HAL_I2C_Master_Abort_IT                           build/stm32h7xx_hal_i2c.o
HAL_I2C_Master_Receive                            build/stm32h7xx_hal_i2c.o
HAL_I2C_Master_Receive_DMA                        build/stm32h7xx_hal_i2c.o
HAL_I2C_Master_Receive_IT                         build/stm32h7xx_hal_i2c.o
HAL_I2C_Master_Seq_Receive_DMA                    build/stm32h7xx_hal_i2c.o
HAL_I2C_Master_Seq_Receive_IT                     build/stm32h7xx_hal_i2c.o
HAL_I2C_Master_Seq_Transmit_DMA                   build/stm32h7xx_hal_i2c.o
HAL_I2C_Master_Seq_Transmit_IT                    build/stm32h7xx_hal_i2c.o
HAL_I2C_Master_Transmit                           build/stm32h7xx_hal_i2c.o
HAL_I2C_Master_Transmit_DMA                       build/stm32h7xx_hal_i2c.o
HAL_I2C_Master_Transmit_IT                        build/stm32h7xx_hal_i2c.o
HAL_I2C_MemRxCpltCallback                         build/stm32h7xx_hal_i2c.o
HAL_I2C_MemTxCpltCallback                         build/stm32h7xx_hal_i2c.o
HAL_I2C_Mem_Read                                  build/stm32h7xx_hal_i2c.o
HAL_I2C_Mem_Read_DMA                              build/stm32h7xx_hal_i2c.o
HAL_I2C_Mem_Read_IT                               build/stm32h7xx_hal_i2c.o
HAL_I2C_Mem_Write                                 build/stm32h7xx_hal_i2c.o
HAL_I2C_Mem_Write_DMA                             build/stm32h7xx_hal_i2c.o
HAL_I2C_Mem_Write_IT                              build/stm32h7xx_hal_i2c.o
HAL_I2C_MspDeInit                                 build/stm32h7xx_hal_i2c.o
HAL_I2C_MspInit                                   build/stm32h7xx_hal_i2c.o
HAL_I2C_SlaveRxCpltCallback                       build/stm32h7xx_hal_i2c.o
HAL_I2C_SlaveTxCpltCallback                       build/stm32h7xx_hal_i2c.o
HAL_I2C_Slave_Receive                             build/stm32h7xx_hal_i2c.o
HAL_I2C_Slave_Receive_DMA                         build/stm32h7xx_hal_i2c.o
HAL_I2C_Slave_Receive_IT                          build/stm32h7xx_hal_i2c.o
HAL_I2C_Slave_Seq_Receive_DMA                     build/stm32h7xx_hal_i2c.o
HAL_I2C_Slave_Seq_Receive_IT                      build/stm32h7xx_hal_i2c.o
HAL_I2C_Slave_Seq_Transmit_DMA                    build/stm32h7xx_hal_i2c.o
HAL_I2C_Slave_Seq_Transmit_IT                     build/stm32h7xx_hal_i2c.o
HAL_I2C_Slave_Transmit                            build/stm32h7xx_hal_i2c.o
HAL_I2C_Slave_Transmit_DMA                        build/stm32h7xx_hal_i2c.o
HAL_I2C_Slave_Transmit_IT                         build/stm32h7xx_hal_i2c.o
HAL_IncTick                                       build/stm32h7xx_hal.o
                                                  build/main.o
HAL_Init                                          build/stm32h7xx_hal.o
                                                  build/main.o
HAL_InitTick                                      build/stm32h7xx_hal_timebase_tim.o
                                                  build/stm32h7xx_hal_rcc.o
HAL_MDMA_Abort                                    build/stm32h7xx_hal_mdma.o
HAL_MDMA_Abort_IT                                 build/stm32h7xx_hal_mdma.o
HAL_MDMA_ConfigPostRequestMask                    build/stm32h7xx_hal_mdma.o
HAL_MDMA_DeInit                                   build/stm32h7xx_hal_mdma.o
HAL_MDMA_GenerateSWRequest                        build/stm32h7xx_hal_mdma.o
HAL_MDMA_GetError                                 build/stm32h7xx_hal_mdma.o
HAL_MDMA_GetState                                 build/stm32h7xx_hal_mdma.o
HAL_MDMA_IRQHandler                               build/stm32h7xx_hal_mdma.o
HAL_MDMA_Init                                     build/stm32h7xx_hal_mdma.o
HAL_MDMA_LinkedList_AddNode                       build/stm32h7xx_hal_mdma.o
HAL_MDMA_LinkedList_CreateNode                    build/stm32h7xx_hal_mdma.o
HAL_MDMA_LinkedList_DisableCircularMode           build/stm32h7xx_hal_mdma.o
HAL_MDMA_LinkedList_EnableCircularMode            build/stm32h7xx_hal_mdma.o
HAL_MDMA_LinkedList_RemoveNode                    build/stm32h7xx_hal_mdma.o
HAL_MDMA_PollForTransfer                          build/stm32h7xx_hal_mdma.o
HAL_MDMA_RegisterCallback                         build/stm32h7xx_hal_mdma.o
HAL_MDMA_Start                                    build/stm32h7xx_hal_mdma.o
HAL_MDMA_Start_IT                                 build/stm32h7xx_hal_mdma.o
HAL_MDMA_UnRegisterCallback                       build/stm32h7xx_hal_mdma.o
HAL_MPU_ConfigRegion                              build/stm32h7xx_hal_cortex.o
                                                  build/main.o
HAL_MPU_Disable                                   build/stm32h7xx_hal_cortex.o
                                                  build/main.o
HAL_MPU_Enable                                    build/stm32h7xx_hal_cortex.o
                                                  build/main.o
HAL_MspDeInit                                     build/stm32h7xx_hal.o
HAL_MspInit                                       build/stm32h7xx_hal_msp.o
HAL_NVIC_ClearPendingIRQ                          build/stm32h7xx_hal_cortex.o
HAL_NVIC_DisableIRQ                               build/stm32h7xx_hal_cortex.o
HAL_NVIC_EnableIRQ                                build/stm32h7xx_hal_cortex.o
                                                  build/stm32h7xx_hal_timebase_tim.o
HAL_NVIC_GetActive                                build/stm32h7xx_hal_cortex.o
HAL_NVIC_GetPendingIRQ                            build/stm32h7xx_hal_cortex.o
HAL_NVIC_GetPriority                              build/stm32h7xx_hal_cortex.o
HAL_NVIC_GetPriorityGrouping                      build/stm32h7xx_hal_cortex.o
HAL_NVIC_SetPendingIRQ                            build/stm32h7xx_hal_cortex.o
HAL_NVIC_SetPriority                              build/stm32h7xx_hal_cortex.o
                                                  build/stm32h7xx_hal.o
                                                  build/stm32h7xx_hal_timebase_tim.o
                                                  build/stm32h7xx_hal_msp.o
HAL_NVIC_SetPriorityGrouping                      build/stm32h7xx_hal_cortex.o
                                                  build/stm32h7xx_hal.o
HAL_NVIC_SystemReset                              build/stm32h7xx_hal_cortex.o
HAL_PWREx_AVDCallback                             build/stm32h7xx_hal_pwr_ex.o
HAL_PWREx_ClearPendingEvent                       build/stm32h7xx_hal_pwr_ex.o
HAL_PWREx_ClearWakeupFlag                         build/stm32h7xx_hal_pwr_ex.o
HAL_PWREx_ConfigAVD                               build/stm32h7xx_hal_pwr_ex.o
HAL_PWREx_ConfigD3Domain                          build/stm32h7xx_hal_pwr_ex.o
HAL_PWREx_ConfigSupply                            build/stm32h7xx_hal_pwr_ex.o
                                                  build/main.o
HAL_PWREx_ControlStopModeVoltageScaling           build/stm32h7xx_hal_pwr_ex.o
HAL_PWREx_ControlVoltageScaling                   build/stm32h7xx_hal_pwr_ex.o
HAL_PWREx_DisableAVD                              build/stm32h7xx_hal_pwr_ex.o
HAL_PWREx_DisableBatteryCharging                  build/stm32h7xx_hal_pwr_ex.o
HAL_PWREx_DisableBkUpReg                          build/stm32h7xx_hal_pwr_ex.o
HAL_PWREx_DisableFlashPowerDown                   build/stm32h7xx_hal_pwr_ex.o
HAL_PWREx_DisableMonitoring                       build/stm32h7xx_hal_pwr_ex.o
HAL_PWREx_DisableUSBReg                           build/stm32h7xx_hal_pwr_ex.o
HAL_PWREx_DisableUSBVoltageDetector               build/stm32h7xx_hal_pwr_ex.o
HAL_PWREx_DisableWakeUpPin                        build/stm32h7xx_hal_pwr_ex.o
HAL_PWREx_EnableAVD                               build/stm32h7xx_hal_pwr_ex.o
HAL_PWREx_EnableBatteryCharging                   build/stm32h7xx_hal_pwr_ex.o
HAL_PWREx_EnableBkUpReg                           build/stm32h7xx_hal_pwr_ex.o
HAL_PWREx_EnableFlashPowerDown                    build/stm32h7xx_hal_pwr_ex.o
HAL_PWREx_EnableMonitoring                        build/stm32h7xx_hal_pwr_ex.o
HAL_PWREx_EnableUSBReg                            build/stm32h7xx_hal_pwr_ex.o
HAL_PWREx_EnableUSBVoltageDetector                build/stm32h7xx_hal_pwr_ex.o
HAL_PWREx_EnableWakeUpPin                         build/stm32h7xx_hal_pwr_ex.o
HAL_PWREx_EnterSTANDBYMode                        build/stm32h7xx_hal_pwr_ex.o
HAL_PWREx_EnterSTOPMode                           build/stm32h7xx_hal_pwr_ex.o
HAL_PWREx_GetStopModeVoltageRange                 build/stm32h7xx_hal_pwr_ex.o
HAL_PWREx_GetSupplyConfig                         build/stm32h7xx_hal_pwr_ex.o
HAL_PWREx_GetTemperatureLevel                     build/stm32h7xx_hal_pwr_ex.o
HAL_PWREx_GetVBATLevel                            build/stm32h7xx_hal_pwr_ex.o
HAL_PWREx_GetVoltageRange                         build/stm32h7xx_hal_pwr_ex.o
HAL_PWREx_GetWakeupFlag                           build/stm32h7xx_hal_pwr_ex.o
HAL_PWREx_PVD_AVD_IRQHandler                      build/stm32h7xx_hal_pwr_ex.o
HAL_PWREx_WAKEUP_PIN_IRQHandler                   build/stm32h7xx_hal_pwr_ex.o
HAL_PWREx_WKUP1_Callback                          build/stm32h7xx_hal_pwr_ex.o
HAL_PWREx_WKUP2_Callback                          build/stm32h7xx_hal_pwr_ex.o
HAL_PWREx_WKUP4_Callback                          build/stm32h7xx_hal_pwr_ex.o
HAL_PWREx_WKUP6_Callback                          build/stm32h7xx_hal_pwr_ex.o
HAL_PWR_ConfigPVD                                 build/stm32h7xx_hal_pwr.o
HAL_PWR_DeInit                                    build/stm32h7xx_hal_pwr.o
HAL_PWR_DisableBkUpAccess                         build/stm32h7xx_hal_pwr.o
HAL_PWR_DisablePVD                                build/stm32h7xx_hal_pwr.o
HAL_PWR_DisableSEVOnPend                          build/stm32h7xx_hal_pwr.o
HAL_PWR_DisableSleepOnExit                        build/stm32h7xx_hal_pwr.o
HAL_PWR_DisableWakeUpPin                          build/stm32h7xx_hal_pwr.o
HAL_PWR_EnableBkUpAccess                          build/stm32h7xx_hal_pwr.o
HAL_PWR_EnablePVD                                 build/stm32h7xx_hal_pwr.o
HAL_PWR_EnableSEVOnPend                           build/stm32h7xx_hal_pwr.o
HAL_PWR_EnableSleepOnExit                         build/stm32h7xx_hal_pwr.o
HAL_PWR_EnableWakeUpPin                           build/stm32h7xx_hal_pwr.o
HAL_PWR_EnterSLEEPMode                            build/stm32h7xx_hal_pwr.o
HAL_PWR_EnterSTANDBYMode                          build/stm32h7xx_hal_pwr.o
HAL_PWR_EnterSTOPMode                             build/stm32h7xx_hal_pwr.o
HAL_PWR_PVDCallback                               build/stm32h7xx_hal_pwr.o
                                                  build/stm32h7xx_hal_pwr_ex.o
HAL_PWR_PVD_IRQHandler                            build/stm32h7xx_hal_pwr.o
HAL_RCCEx_CRSConfig                               build/stm32h7xx_hal_rcc_ex.o
HAL_RCCEx_CRSGetSynchronizationInfo               build/stm32h7xx_hal_rcc_ex.o
HAL_RCCEx_CRSSoftwareSynchronizationGenerate      build/stm32h7xx_hal_rcc_ex.o
HAL_RCCEx_CRSWaitSynchronization                  build/stm32h7xx_hal_rcc_ex.o
HAL_RCCEx_CRS_ErrorCallback                       build/stm32h7xx_hal_rcc_ex.o
HAL_RCCEx_CRS_ExpectedSyncCallback                build/stm32h7xx_hal_rcc_ex.o
HAL_RCCEx_CRS_IRQHandler                          build/stm32h7xx_hal_rcc_ex.o
HAL_RCCEx_CRS_SyncOkCallback                      build/stm32h7xx_hal_rcc_ex.o
HAL_RCCEx_CRS_SyncWarnCallback                    build/stm32h7xx_hal_rcc_ex.o
HAL_RCCEx_DisableLSECSS                           build/stm32h7xx_hal_rcc_ex.o
HAL_RCCEx_EnableLSECSS                            build/stm32h7xx_hal_rcc_ex.o
HAL_RCCEx_EnableLSECSS_IT                         build/stm32h7xx_hal_rcc_ex.o
HAL_RCCEx_GetD1PCLK1Freq                          build/stm32h7xx_hal_rcc_ex.o
HAL_RCCEx_GetD1SysClockFreq                       build/stm32h7xx_hal_rcc_ex.o
HAL_RCCEx_GetD3PCLK1Freq                          build/stm32h7xx_hal_rcc_ex.o
HAL_RCCEx_GetPLL1ClockFreq                        build/stm32h7xx_hal_rcc_ex.o
HAL_RCCEx_GetPLL2ClockFreq                        build/stm32h7xx_hal_rcc_ex.o
HAL_RCCEx_GetPLL3ClockFreq                        build/stm32h7xx_hal_rcc_ex.o
HAL_RCCEx_GetPeriphCLKConfig                      build/stm32h7xx_hal_rcc_ex.o
HAL_RCCEx_GetPeriphCLKFreq                        build/stm32h7xx_hal_rcc_ex.o
HAL_RCCEx_KerWakeUpStopCLKConfig                  build/stm32h7xx_hal_rcc_ex.o
HAL_RCCEx_LSECSS_Callback                         build/stm32h7xx_hal_rcc_ex.o
HAL_RCCEx_LSECSS_IRQHandler                       build/stm32h7xx_hal_rcc_ex.o
HAL_RCCEx_PeriphCLKConfig                         build/stm32h7xx_hal_rcc_ex.o
HAL_RCCEx_WWDGxSysResetConfig                     build/stm32h7xx_hal_rcc_ex.o
HAL_RCCEx_WakeUpStopCLKConfig                     build/stm32h7xx_hal_rcc_ex.o
HAL_RCC_CSSCallback                               build/stm32h7xx_hal_rcc.o
HAL_RCC_ClockConfig                               build/stm32h7xx_hal_rcc.o
                                                  build/main.o
HAL_RCC_DeInit                                    build/stm32h7xx_hal_rcc.o
HAL_RCC_DisableCSS                                build/stm32h7xx_hal_rcc.o
HAL_RCC_EnableCSS                                 build/stm32h7xx_hal_rcc.o
HAL_RCC_GetClockConfig                            build/stm32h7xx_hal_rcc.o
                                                  build/stm32h7xx_hal_timebase_tim.o
HAL_RCC_GetHCLKFreq                               build/stm32h7xx_hal_rcc.o
                                                  build/stm32h7xx_hal_rcc_ex.o
HAL_RCC_GetOscConfig                              build/stm32h7xx_hal_rcc.o
HAL_RCC_GetPCLK1Freq                              build/stm32h7xx_hal_rcc.o
                                                  build/stm32h7xx_hal_rcc_ex.o
HAL_RCC_GetPCLK2Freq                              build/stm32h7xx_hal_rcc.o
                                                  build/stm32h7xx_hal_timebase_tim.o
HAL_RCC_GetSysClockFreq                           build/stm32h7xx_hal_rcc.o
                                                  build/stm32h7xx_hal.o
                                                  build/stm32h7xx_hal_rcc_ex.o
HAL_RCC_MCOConfig                                 build/stm32h7xx_hal_rcc.o
HAL_RCC_NMI_IRQHandler                            build/stm32h7xx_hal_rcc.o
HAL_RCC_OscConfig                                 build/stm32h7xx_hal_rcc.o
                                                  build/main.o
HAL_ResumeTick                                    build/stm32h7xx_hal_timebase_tim.o
HAL_SYSCFG_ADC2ALT_Rout0Config                    build/stm32h7xx_hal.o
HAL_SYSCFG_ADC2ALT_Rout1Config                    build/stm32h7xx_hal.o
HAL_SYSCFG_AnalogSwitchConfig                     build/stm32h7xx_hal.o
HAL_SYSCFG_CM7BootAddConfig                       build/stm32h7xx_hal.o
HAL_SYSCFG_CompensationCodeConfig                 build/stm32h7xx_hal.o
HAL_SYSCFG_CompensationCodeSelect                 build/stm32h7xx_hal.o
HAL_SYSCFG_DisableBOOST                           build/stm32h7xx_hal.o
HAL_SYSCFG_DisableIOSpeedOptimize                 build/stm32h7xx_hal.o
HAL_SYSCFG_DisableVREFBUF                         build/stm32h7xx_hal.o
HAL_SYSCFG_ETHInterfaceSelect                     build/stm32h7xx_hal.o
HAL_SYSCFG_EnableBOOST                            build/stm32h7xx_hal.o
HAL_SYSCFG_EnableIOSpeedOptimize                  build/stm32h7xx_hal.o
HAL_SYSCFG_EnableVREFBUF                          build/stm32h7xx_hal.o
HAL_SYSCFG_VREFBUF_HighImpedanceConfig            build/stm32h7xx_hal.o
HAL_SYSCFG_VREFBUF_TrimmingConfig                 build/stm32h7xx_hal.o
HAL_SYSCFG_VREFBUF_VoltageScalingConfig           build/stm32h7xx_hal.o
HAL_SYSTICK_CLKSourceConfig                       build/stm32h7xx_hal_cortex.o
HAL_SYSTICK_Callback                              build/stm32h7xx_hal_cortex.o
HAL_SYSTICK_Config                                build/stm32h7xx_hal_cortex.o
                                                  build/stm32h7xx_hal.o
HAL_SYSTICK_IRQHandler                            build/stm32h7xx_hal_cortex.o
HAL_SetFMCMemorySwappingConfig                    build/stm32h7xx_hal.o
HAL_SetTickFreq                                   build/stm32h7xx_hal.o
HAL_SuspendTick                                   build/stm32h7xx_hal_timebase_tim.o
HAL_TIMEx_Break2Callback                          build/stm32h7xx_hal_tim_ex.o
                                                  build/stm32h7xx_hal_tim.o
HAL_TIMEx_BreakCallback                           build/stm32h7xx_hal_tim_ex.o
                                                  build/stm32h7xx_hal_tim.o
HAL_TIMEx_CommutCallback                          build/stm32h7xx_hal_tim_ex.o
                                                  build/stm32h7xx_hal_tim.o
HAL_TIMEx_CommutHalfCpltCallback                  build/stm32h7xx_hal_tim_ex.o
HAL_TIMEx_ConfigBreakDeadTime                     build/stm32h7xx_hal_tim_ex.o
HAL_TIMEx_ConfigBreakInput                        build/stm32h7xx_hal_tim_ex.o
HAL_TIMEx_ConfigCommutEvent                       build/stm32h7xx_hal_tim_ex.o
HAL_TIMEx_ConfigCommutEvent_DMA                   build/stm32h7xx_hal_tim_ex.o
HAL_TIMEx_ConfigCommutEvent_IT                    build/stm32h7xx_hal_tim_ex.o
HAL_TIMEx_DisarmBreakInput                        build/stm32h7xx_hal_tim_ex.o
HAL_TIMEx_GetChannelNState                        build/stm32h7xx_hal_tim_ex.o
HAL_TIMEx_GroupChannel5                           build/stm32h7xx_hal_tim_ex.o
HAL_TIMEx_HallSensor_DeInit                       build/stm32h7xx_hal_tim_ex.o
HAL_TIMEx_HallSensor_GetState                     build/stm32h7xx_hal_tim_ex.o
HAL_TIMEx_HallSensor_Init                         build/stm32h7xx_hal_tim_ex.o
HAL_TIMEx_HallSensor_MspDeInit                    build/stm32h7xx_hal_tim_ex.o
HAL_TIMEx_HallSensor_MspInit                      build/stm32h7xx_hal_tim_ex.o
HAL_TIMEx_HallSensor_Start                        build/stm32h7xx_hal_tim_ex.o
HAL_TIMEx_HallSensor_Start_DMA                    build/stm32h7xx_hal_tim_ex.o
HAL_TIMEx_HallSensor_Start_IT                     build/stm32h7xx_hal_tim_ex.o
HAL_TIMEx_HallSensor_Stop                         build/stm32h7xx_hal_tim_ex.o
HAL_TIMEx_HallSensor_Stop_DMA                     build/stm32h7xx_hal_tim_ex.o
HAL_TIMEx_HallSensor_Stop_IT                      build/stm32h7xx_hal_tim_ex.o
HAL_TIMEx_MasterConfigSynchronization             build/stm32h7xx_hal_tim_ex.o
HAL_TIMEx_OCN_Start                               build/stm32h7xx_hal_tim_ex.o
HAL_TIMEx_OCN_Start_DMA                           build/stm32h7xx_hal_tim_ex.o
HAL_TIMEx_OCN_Start_IT                            build/stm32h7xx_hal_tim_ex.o
HAL_TIMEx_OCN_Stop                                build/stm32h7xx_hal_tim_ex.o
HAL_TIMEx_OCN_Stop_DMA                            build/stm32h7xx_hal_tim_ex.o
HAL_TIMEx_OCN_Stop_IT                             build/stm32h7xx_hal_tim_ex.o
HAL_TIMEx_OnePulseN_Start                         build/stm32h7xx_hal_tim_ex.o
HAL_TIMEx_OnePulseN_Start_IT                      build/stm32h7xx_hal_tim_ex.o
HAL_TIMEx_OnePulseN_Stop                          build/stm32h7xx_hal_tim_ex.o
HAL_TIMEx_OnePulseN_Stop_IT                       build/stm32h7xx_hal_tim_ex.o
HAL_TIMEx_PWMN_Start                              build/stm32h7xx_hal_tim_ex.o
HAL_TIMEx_PWMN_Start_DMA                          build/stm32h7xx_hal_tim_ex.o
HAL_TIMEx_PWMN_Start_IT                           build/stm32h7xx_hal_tim_ex.o
HAL_TIMEx_PWMN_Stop                               build/stm32h7xx_hal_tim_ex.o
HAL_TIMEx_PWMN_Stop_DMA                           build/stm32h7xx_hal_tim_ex.o
HAL_TIMEx_PWMN_Stop_IT                            build/stm32h7xx_hal_tim_ex.o
HAL_TIMEx_ReArmBreakInput                         build/stm32h7xx_hal_tim_ex.o
HAL_TIMEx_RemapConfig                             build/stm32h7xx_hal_tim_ex.o
HAL_TIMEx_TISelection                             build/stm32h7xx_hal_tim_ex.o
HAL_TIM_Base_DeInit                               build/stm32h7xx_hal_tim.o
HAL_TIM_Base_GetState                             build/stm32h7xx_hal_tim.o
HAL_TIM_Base_Init                                 build/stm32h7xx_hal_tim.o
                                                  build/stm32h7xx_hal_timebase_tim.o
HAL_TIM_Base_MspDeInit                            build/stm32h7xx_hal_tim.o
HAL_TIM_Base_MspInit                              build/stm32h7xx_hal_tim.o
HAL_TIM_Base_Start                                build/stm32h7xx_hal_tim.o
HAL_TIM_Base_Start_DMA                            build/stm32h7xx_hal_tim.o
HAL_TIM_Base_Start_IT                             build/stm32h7xx_hal_tim.o
                                                  build/stm32h7xx_hal_timebase_tim.o
HAL_TIM_Base_Stop                                 build/stm32h7xx_hal_tim.o
HAL_TIM_Base_Stop_DMA                             build/stm32h7xx_hal_tim.o
HAL_TIM_Base_Stop_IT                              build/stm32h7xx_hal_tim.o
HAL_TIM_ConfigClockSource                         build/stm32h7xx_hal_tim.o
HAL_TIM_ConfigOCrefClear                          build/stm32h7xx_hal_tim.o
HAL_TIM_ConfigTI1Input                            build/stm32h7xx_hal_tim.o
HAL_TIM_DMABurstState                             build/stm32h7xx_hal_tim.o
HAL_TIM_DMABurst_MultiReadStart                   build/stm32h7xx_hal_tim.o
HAL_TIM_DMABurst_MultiWriteStart                  build/stm32h7xx_hal_tim.o
HAL_TIM_DMABurst_ReadStart                        build/stm32h7xx_hal_tim.o
HAL_TIM_DMABurst_ReadStop                         build/stm32h7xx_hal_tim.o
HAL_TIM_DMABurst_WriteStart                       build/stm32h7xx_hal_tim.o
HAL_TIM_DMABurst_WriteStop                        build/stm32h7xx_hal_tim.o
HAL_TIM_Encoder_DeInit                            build/stm32h7xx_hal_tim.o
HAL_TIM_Encoder_GetState                          build/stm32h7xx_hal_tim.o
HAL_TIM_Encoder_Init                              build/stm32h7xx_hal_tim.o
HAL_TIM_Encoder_MspDeInit                         build/stm32h7xx_hal_tim.o
HAL_TIM_Encoder_MspInit                           build/stm32h7xx_hal_tim.o